Archive member included to satisfy reference by file (symbol)

c:/mounriver/mounriver_studio2/resources/app/resources/win32/components/wch/toolchain/risc-v embedded gcc/bin/../lib/gcc/riscv-none-embed/8.2.0/rv32imacxw/ilp32\libgcc.a(save-restore.o)
                              ./User/USBLIB/USB-Driver/src/usb_int.o (__riscv_save_8)
c:/mounriver/mounriver_studio2/resources/app/resources/win32/components/wch/toolchain/risc-v embedded gcc/bin/../lib/gcc/riscv-none-embed/8.2.0/../../../../riscv-none-embed/lib/rv32imacxw/ilp32\libg_nano.a(lib_a-memcpy.o)
                              ./User/SW_UDISK.o (memcpy)
c:/mounriver/mounriver_studio2/resources/app/resources/win32/components/wch/toolchain/risc-v embedded gcc/bin/../lib/gcc/riscv-none-embed/8.2.0/../../../../riscv-none-embed/lib/rv32imacxw/ilp32\libg_nano.a(lib_a-printf.o)
                              ./User/main.o (printf)
c:/mounriver/mounriver_studio2/resources/app/resources/win32/components/wch/toolchain/risc-v embedded gcc/bin/../lib/gcc/riscv-none-embed/8.2.0/../../../../riscv-none-embed/lib/rv32imacxw/ilp32\libg_nano.a(lib_a-puts.o)
                              ./User/USBLIB/CONFIG/hw_config.o (puts)
c:/mounriver/mounriver_studio2/resources/app/resources/win32/components/wch/toolchain/risc-v embedded gcc/bin/../lib/gcc/riscv-none-embed/8.2.0/../../../../riscv-none-embed/lib/rv32imacxw/ilp32\libg_nano.a(lib_a-wbuf.o)
                              c:/mounriver/mounriver_studio2/resources/app/resources/win32/components/wch/toolchain/risc-v embedded gcc/bin/../lib/gcc/riscv-none-embed/8.2.0/../../../../riscv-none-embed/lib/rv32imacxw/ilp32\libg_nano.a(lib_a-puts.o) (__swbuf_r)
c:/mounriver/mounriver_studio2/resources/app/resources/win32/components/wch/toolchain/risc-v embedded gcc/bin/../lib/gcc/riscv-none-embed/8.2.0/../../../../riscv-none-embed/lib/rv32imacxw/ilp32\libg_nano.a(lib_a-wsetup.o)
                              c:/mounriver/mounriver_studio2/resources/app/resources/win32/components/wch/toolchain/risc-v embedded gcc/bin/../lib/gcc/riscv-none-embed/8.2.0/../../../../riscv-none-embed/lib/rv32imacxw/ilp32\libg_nano.a(lib_a-puts.o) (__swsetup_r)
c:/mounriver/mounriver_studio2/resources/app/resources/win32/components/wch/toolchain/risc-v embedded gcc/bin/../lib/gcc/riscv-none-embed/8.2.0/../../../../riscv-none-embed/lib/rv32imacxw/ilp32\libg_nano.a(lib_a-fflush.o)
                              c:/mounriver/mounriver_studio2/resources/app/resources/win32/components/wch/toolchain/risc-v embedded gcc/bin/../lib/gcc/riscv-none-embed/8.2.0/../../../../riscv-none-embed/lib/rv32imacxw/ilp32\libg_nano.a(lib_a-wbuf.o) (_fflush_r)
c:/mounriver/mounriver_studio2/resources/app/resources/win32/components/wch/toolchain/risc-v embedded gcc/bin/../lib/gcc/riscv-none-embed/8.2.0/../../../../riscv-none-embed/lib/rv32imacxw/ilp32\libg_nano.a(lib_a-findfp.o)
                              c:/mounriver/mounriver_studio2/resources/app/resources/win32/components/wch/toolchain/risc-v embedded gcc/bin/../lib/gcc/riscv-none-embed/8.2.0/../../../../riscv-none-embed/lib/rv32imacxw/ilp32\libg_nano.a(lib_a-printf.o) (__sinit)
c:/mounriver/mounriver_studio2/resources/app/resources/win32/components/wch/toolchain/risc-v embedded gcc/bin/../lib/gcc/riscv-none-embed/8.2.0/../../../../riscv-none-embed/lib/rv32imacxw/ilp32\libg_nano.a(lib_a-fwalk.o)
                              c:/mounriver/mounriver_studio2/resources/app/resources/win32/components/wch/toolchain/risc-v embedded gcc/bin/../lib/gcc/riscv-none-embed/8.2.0/../../../../riscv-none-embed/lib/rv32imacxw/ilp32\libg_nano.a(lib_a-findfp.o) (_fwalk)
c:/mounriver/mounriver_studio2/resources/app/resources/win32/components/wch/toolchain/risc-v embedded gcc/bin/../lib/gcc/riscv-none-embed/8.2.0/../../../../riscv-none-embed/lib/rv32imacxw/ilp32\libg_nano.a(lib_a-impure.o)
                              c:/mounriver/mounriver_studio2/resources/app/resources/win32/components/wch/toolchain/risc-v embedded gcc/bin/../lib/gcc/riscv-none-embed/8.2.0/../../../../riscv-none-embed/lib/rv32imacxw/ilp32\libg_nano.a(lib_a-fflush.o) (_global_impure_ptr)
c:/mounriver/mounriver_studio2/resources/app/resources/win32/components/wch/toolchain/risc-v embedded gcc/bin/../lib/gcc/riscv-none-embed/8.2.0/../../../../riscv-none-embed/lib/rv32imacxw/ilp32\libg_nano.a(lib_a-makebuf.o)
                              c:/mounriver/mounriver_studio2/resources/app/resources/win32/components/wch/toolchain/risc-v embedded gcc/bin/../lib/gcc/riscv-none-embed/8.2.0/../../../../riscv-none-embed/lib/rv32imacxw/ilp32\libg_nano.a(lib_a-wsetup.o) (__smakebuf_r)
c:/mounriver/mounriver_studio2/resources/app/resources/win32/components/wch/toolchain/risc-v embedded gcc/bin/../lib/gcc/riscv-none-embed/8.2.0/../../../../riscv-none-embed/lib/rv32imacxw/ilp32\libg_nano.a(lib_a-memset.o)
[...]
Memory Configuration

Name             Origin             Length             Attributes
FLASH            0x0000000000000000 0x0000000000010000 xr
RAM              0x0000000020000000 0x0000000000005000 xrw
*default*        0x0000000000000000 0xffffffffffffffff

Linker script and memory map

LOAD ./User/USBLIB/USB-Driver/src/usb_core.o
LOAD ./User/USBLIB/USB-Driver/src/usb_init.o
LOAD ./User/USBLIB/USB-Driver/src/usb_int.o
LOAD ./User/USBLIB/USB-Driver/src/usb_mem.o
LOAD ./User/USBLIB/USB-Driver/src/usb_regs.o
LOAD ./User/USBLIB/USB-Driver/src/usb_sil.o
LOAD ./User/USBLIB/CONFIG/hw_config.o
LOAD ./User/USBLIB/CONFIG/usb_desc.o
LOAD ./User/USBLIB/CONFIG/usb_endp.o
LOAD ./User/USBLIB/CONFIG/usb_istr.o
LOAD ./User/USBLIB/CONFIG/usb_prop.o
LOAD ./User/USBLIB/CONFIG/usb_pwr.o
LOAD ./User/SPI_SD.o
LOAD ./User/SW_UDISK.o
LOAD ./User/ch32v20x_it.o
LOAD ./User/main.o
LOAD ./User/system_ch32v20x.o
LOAD ./Startup/startup_ch32v20x_D6.o
LOAD ./Peripheral/src/ch32v20x_adc.o
LOAD ./Peripheral/src/ch32v20x_bkp.o
LOAD ./Peripheral/src/ch32v20x_can.o
LOAD ./Peripheral/src/ch32v20x_crc.o
LOAD ./Peripheral/src/ch32v20x_dbgmcu.o
LOAD ./Peripheral/src/ch32v20x_dma.o
LOAD ./Peripheral/src/ch32v20x_exti.o
LOAD ./Peripheral/src/ch32v20x_flash.o
LOAD ./Peripheral/src/ch32v20x_gpio.o
LOAD ./Peripheral/src/ch32v20x_i2c.o
LOAD ./Peripheral/src/ch32v20x_iwdg.o
LOAD ./Peripheral/src/ch32v20x_misc.o
LOAD ./Peripheral/src/ch32v20x_opa.o
LOAD ./Peripheral/src/ch32v20x_pwr.o
LOAD ./Peripheral/src/ch32v20x_rcc.o
LOAD ./Peripheral/src/ch32v20x_rtc.o
LOAD ./Peripheral/src/ch32v20x_spi.o
LOAD ./Peripheral/src/ch32v20x_tim.o
LOAD ./Peripheral/src/ch32v20x_usart.o
LOAD ./Peripheral/src/ch32v20x_wwdg.o
LOAD ./Debug/debug.o
LOAD ./Core/core_riscv.o
LOAD c:/mounriver/mounriver_studio2/resources/app/resources/win32/components/wch/toolchain/risc-v embedded gcc/bin/../lib/gcc/riscv-none-embed/8.2.0/rv32imacxw/ilp32\libgcc.a
LOAD c:/mounriver/mounriver_studio2/resources/app/resources/win32/components/wch/toolchain/risc-v embedded gcc/bin/../lib/gcc/riscv-none-embed/8.2.0/../../../../riscv-none-embed/lib/rv32imacxw/ilp32\libg_nano.a
LOAD c:/mounriver/mounriver_studio2/resources/app/resources/win32/components/wch/toolchain/risc-v embedded gcc/bin/../lib/gcc/riscv-none-embed/8.2.0/../../../../riscv-none-embed/lib/rv32imacxw/ilp32\libc_nano.a
LOAD c:/mounriver/mounriver_studio2/resources/app/resources/win32/components/wch/toolchain/risc-v embedded gcc/bin/../lib/gcc/riscv-none-embed/8.2.0/rv32imacxw/ilp32\libgcc.a
START GROUP
LOAD c:/mounriver/mounriver_studio2/resources/app/resources/win32/components/wch/toolchain/risc-v embedded gcc/bin/../lib/gcc/riscv-none-embed/8.2.0/rv32imacxw/ilp32\libgcc.a
LOAD c:/mounriver/mounriver_studio2/resources/app/resources/win32/components/wch/toolchain/risc-v embedded gcc/bin/../lib/gcc/riscv-none-embed/8.2.0/../../../../riscv-none-embed/lib/rv32imacxw/ilp32\libc_nano.a
LOAD c:/mounriver/mounriver_studio2/resources/app/resources/win32/components/wch/toolchain/risc-v embedded gcc/bin/../lib/gcc/riscv-none-embed/8.2.0/../../../../riscv-none-embed/lib/rv32imacxw/ilp32\libnosys.a
END GROUP
START GROUP
LOAD c:/mounriver/mounriver_studio2/resources/app/resources/win32/components/wch/toolchain/risc-v embedded gcc/bin/../lib/gcc/riscv-none-embed/8.2.0/rv32imacxw/ilp32\libgcc.a
LOAD c:/mounriver/mounriver_studio2/resources/app/resources/win32/components/wch/toolchain/risc-v embedded gcc/bin/../lib/gcc/riscv-none-embed/8.2.0/../../../../riscv-none-embed/lib/rv32imacxw/ilp32\libc_nano.a
LOAD c:/mounriver/mounriver_studio2/resources/app/resources/win32/components/wch/toolchain/risc-v embedded gcc/bin/../lib/gcc/riscv-none-embed/8.2.0/../../../../riscv-none-embed/lib/rv32imacxw/ilp32\libnosys.a
END GROUP
                0x0000000000000800                __stack_size = 0x800
                [!provide]                        PROVIDE (_stack_size = __stack_size)

.init           0x0000000000000000        0x4
                0x0000000000000000                _sinit = .
                0x0000000000000000                . = ALIGN (0x4)
 *(SORT_NONE(.init))
 .init          0x0000000000000000        0x4 ./Startup/startup_ch32v20x_D6.o
                0x0000000000000000                _start
                0x0000000000000004                . = ALIGN (0x4)
                0x0000000000000004                _einit = .

.vector         0x0000000000000004       0xfc
 *(.vector)
 .vector        0x0000000000000004       0xfc ./Startup/startup_ch32v20x_D6.o
                0x0000000000000100                . = ALIGN (0x40)

.text           0x0000000000000100     0x418c
                0x0000000000000100                . = ALIGN (0x4)
 *(.text)
 .text          0x0000000000000100       0x60 c:/mounriver/mounriver_studio2/resources/app/resources/win32/components/wch/toolchain/risc-v embedded gcc/bin/../lib/gcc/riscv-none-embed/8.2.0/rv32imacxw/ilp32\libgcc.a(save-restore.o)
                0x0000000000000100                __riscv_save_12
                0x0000000000000108                __riscv_save_9
                0x0000000000000108                __riscv_save_11
                0x0000000000000108                __riscv_save_10
                0x0000000000000108                __riscv_save_8
                0x0000000000000116                __riscv_save_4
                0x0000000000000116                __riscv_save_6
                0x0000000000000116                __riscv_save_5
                0x0000000000000116                __riscv_save_7
                0x0000000000000130                __riscv_save_3
                0x0000000000000130                __riscv_save_2
                0x0000000000000130                __riscv_save_1
                0x0000000000000130                __riscv_save_0
                0x000000000000013c                __riscv_restore_12
                0x0000000000000140                __riscv_restore_11
                0x0000000000000140                __riscv_restore_9
                0x0000000000000140                __riscv_restore_10
                0x0000000000000140                __riscv_restore_8
                0x000000000000014a                __riscv_restore_5
                0x000000000000014a                __riscv_restore_7
                0x000000000000014a                __riscv_restore_6
                0x000000000000014a                __riscv_restore_4
                0x0000000000000154                __riscv_restore_3
                0x0000000000000154                __riscv_restore_0
                0x0000000000000154                __riscv_restore_2
                0x0000000000000154                __riscv_restore_1
 .text          0x0000000000000160       0xa8 c:/mounriver/mounriver_studio2/resources/app/resources/win32/components/wch/toolchain/risc-v embedded gcc/bin/../lib/gcc/riscv-none-embed/8.2.0/../../../../riscv-none-embed/lib/rv32imacxw/ilp32\libg_nano.a(lib_a-memset.o)
                0x0000000000000160                memset
 *(.text.*)
 .text.Standard_GetConfiguration
                0x0000000000000208       0x20 ./User/USBLIB/USB-Driver/src/usb_core.o
                0x0000000000000208                Standard_GetConfiguration
 .text.Standard_GetInterface
                0x0000000000000228       0x20 ./User/USBLIB/USB-Driver/src/usb_core.o
                0x0000000000000228                Standard_GetInterface
 .text.Standard_GetStatus
                0x0000000000000248       0x8e ./User/USBLIB/USB-Driver/src/usb_core.o
                0x0000000000000248                Standard_GetStatus
 .text.DataStageIn
                0x00000000000002d6       0xae ./User/USBLIB/USB-Driver/src/usb_core.o
 .text.Standard_SetConfiguration
                0x0000000000000384       0x2c ./User/USBLIB/USB-Driver/src/usb_core.o
                0x0000000000000384                Standard_SetConfiguration
 .text.Standard_SetInterface
                0x00000000000003b0       0x48 ./User/USBLIB/USB-Driver/src/usb_core.o
                0x00000000000003b0                Standard_SetInterface
 .text.Standard_ClearFeature
                0x00000000000003f8      0x138 ./User/USBLIB/USB-Driver/src/usb_core.o
                0x00000000000003f8                Standard_ClearFeature
 .text.Standard_SetEndPointFeature
                0x0000000000000530       0xba ./User/USBLIB/USB-Driver/src/usb_core.o
                0x0000000000000530                Standard_SetEndPointFeature
 .text.Standard_SetDeviceFeature
                0x00000000000005ea       0x1c ./User/USBLIB/USB-Driver/src/usb_core.o
                0x00000000000005ea                Standard_SetDeviceFeature
 .text.Standard_GetDescriptorData
                0x0000000000000606       0x18 ./User/USBLIB/USB-Driver/src/usb_core.o
                0x0000000000000606                Standard_GetDescriptorData
 .text.Post0_Process
                0x000000000000061e       0x32 ./User/USBLIB/USB-Driver/src/usb_core.o
                0x000000000000061e                Post0_Process
 .text.Setup0_Process
                0x0000000000000650      0x2f0 ./User/USBLIB/USB-Driver/src/usb_core.o
                0x0000000000000650                Setup0_Process
 .text.Out0_Process
                0x0000000000000940       0xca ./User/USBLIB/USB-Driver/src/usb_core.o
                0x0000000000000940                Out0_Process
 .text.SetDeviceAddress
                0x0000000000000a0a       0x4a ./User/USBLIB/USB-Driver/src/usb_core.o
                0x0000000000000a0a                SetDeviceAddress
 .text.In0_Process
                0x0000000000000a54       0x5a ./User/USBLIB/USB-Driver/src/usb_core.o
                0x0000000000000a54                In0_Process
 .text.NOP_Process
                0x0000000000000aae        0x2 ./User/USBLIB/USB-Driver/src/usb_core.o
                0x0000000000000aae                NOP_Process
 .text.USB_Init
                0x0000000000000ab0       0x32 ./User/USBLIB/USB-Driver/src/usb_init.o
                0x0000000000000ab0                USB_Init
 .text.CTR_LP   0x0000000000000ae2      0x3b8 ./User/USBLIB/USB-Driver/src/usb_int.o
                0x0000000000000ae2                CTR_LP
 .text.UserToPMABufferCopy
                0x0000000000000e9a       0x24 ./User/USBLIB/USB-Driver/src/usb_mem.o
                0x0000000000000e9a                UserToPMABufferCopy
 .text.PMAToUserBufferCopy
                0x0000000000000ebe       0x1e ./User/USBLIB/USB-Driver/src/usb_mem.o
                0x0000000000000ebe                PMAToUserBufferCopy
 .text.SetBTABLE
                0x0000000000000edc       0x10 ./User/USBLIB/USB-Driver/src/usb_regs.o
                0x0000000000000edc                SetBTABLE
 .text.SetEPType
                0x0000000000000eec       0x20 ./User/USBLIB/USB-Driver/src/usb_regs.o
                0x0000000000000eec                SetEPType
 .text.SetEPTxStatus
                0x0000000000000f0c       0x48 ./User/USBLIB/USB-Driver/src/usb_regs.o
                0x0000000000000f0c                SetEPTxStatus
 .text.SetEPRxStatus
                0x0000000000000f54       0x56 ./User/USBLIB/USB-Driver/src/usb_regs.o
                0x0000000000000f54                SetEPRxStatus
 .text.SetEPRxValid
                0x0000000000000faa       0x42 ./User/USBLIB/USB-Driver/src/usb_regs.o
                0x0000000000000faa                SetEPRxValid
 .text.ClearEP_KIND
                0x0000000000000fec       0x26 ./User/USBLIB/USB-Driver/src/usb_regs.o
                0x0000000000000fec                ClearEP_KIND
 .text.Clear_Status_Out
                0x0000000000001012        0xa ./User/USBLIB/USB-Driver/src/usb_regs.o
                0x0000000000001012                Clear_Status_Out
 .text.ClearDTOG_RX
                0x000000000000101c       0x34 ./User/USBLIB/USB-Driver/src/usb_regs.o
                0x000000000000101c                ClearDTOG_RX
 .text.ClearDTOG_TX
                0x0000000000001050       0x30 ./User/USBLIB/USB-Driver/src/usb_regs.o
                0x0000000000001050                ClearDTOG_TX
 .text.SetEPTxAddr
                0x0000000000001080       0x20 ./User/USBLIB/USB-Driver/src/usb_regs.o
                0x0000000000001080                SetEPTxAddr
 .text.SetEPRxAddr
                0x00000000000010a0       0x22 ./User/USBLIB/USB-Driver/src/usb_regs.o
                0x00000000000010a0                SetEPRxAddr
 .text.GetEPTxAddr
                0x00000000000010c2       0x1c ./User/USBLIB/USB-Driver/src/usb_regs.o
                0x00000000000010c2                GetEPTxAddr
 .text.GetEPRxAddr
                0x00000000000010de       0x1e ./User/USBLIB/USB-Driver/src/usb_regs.o
                0x00000000000010de                GetEPRxAddr
 .text.SetEPTxCount
                0x00000000000010fc       0x1e ./User/USBLIB/USB-Driver/src/usb_regs.o
                0x00000000000010fc                SetEPTxCount
 .text.SetEPRxCount
                0x000000000000111a       0x82 ./User/USBLIB/USB-Driver/src/usb_regs.o
                0x000000000000111a                SetEPRxCount
 .text.GetEPRxCount
                0x000000000000119c       0x22 ./User/USBLIB/USB-Driver/src/usb_regs.o
                0x000000000000119c                GetEPRxCount
 .text.ByteSwap
                0x00000000000011be        0xe ./User/USBLIB/USB-Driver/src/usb_regs.o
                0x00000000000011be                ByteSwap
 .text.USB_SIL_Init
                0x00000000000011cc       0x20 ./User/USBLIB/USB-Driver/src/usb_sil.o
                0x00000000000011cc                USB_SIL_Init
 .text.USB_SIL_Write
                0x00000000000011ec       0x28 ./User/USBLIB/USB-Driver/src/usb_sil.o
                0x00000000000011ec                USB_SIL_Write
 .text.USB_SIL_Read
                0x0000000000001214       0x22 ./User/USBLIB/USB-Driver/src/usb_sil.o
                0x0000000000001214                USB_SIL_Read
 .text.USBWakeUp_IRQHandler
                0x0000000000001236        0xc ./User/USBLIB/CONFIG/hw_config.o
                0x0000000000001236                USBWakeUp_IRQHandler
 .text.USB_LP_CAN1_RX0_IRQHandler
                0x0000000000001242        0x6 ./User/USBLIB/CONFIG/hw_config.o
                0x0000000000001242                USB_LP_CAN1_RX0_IRQHandler
 .text.Set_USBConfig
                0x0000000000001248       0x56 ./User/USBLIB/CONFIG/hw_config.o
                0x0000000000001248                Set_USBConfig
 .text.Enter_LowPowerMode
                0x000000000000129e       0x1a ./User/USBLIB/CONFIG/hw_config.o
                0x000000000000129e                Enter_LowPowerMode
 .text.Leave_LowPowerMode
                0x00000000000012b8       0x24 ./User/USBLIB/CONFIG/hw_config.o
                0x00000000000012b8                Leave_LowPowerMode
 .text.USB_Interrupts_Config
                0x00000000000012dc       0x48 ./User/USBLIB/CONFIG/hw_config.o
                0x00000000000012dc                USB_Interrupts_Config
 .text.USB_Port_Set
                0x0000000000001324       0xb2 ./User/USBLIB/CONFIG/hw_config.o
                0x0000000000001324                USB_Port_Set
 .text.EP2_IN_Callback
                0x00000000000013d6        0xc ./User/USBLIB/CONFIG/usb_endp.o
                0x00000000000013d6                EP2_IN_Callback
 .text.EP3_OUT_Callback
                0x00000000000013e2       0x26 ./User/USBLIB/CONFIG/usb_endp.o
                0x00000000000013e2                EP3_OUT_Callback
 .text.USB_Istr
                0x0000000000001408      0x208 ./User/USBLIB/CONFIG/usb_istr.o
                0x0000000000001408                USB_Istr
 .text.USBD_SetConfiguration
                0x0000000000001610        0xe ./User/USBLIB/CONFIG/usb_prop.o
                0x0000000000001610                USBD_SetConfiguration
 .text.USBD_SetDeviceAddress
                0x000000000000161e        0x8 ./User/USBLIB/CONFIG/usb_prop.o
                0x000000000000161e                USBD_SetDeviceAddress
 .text.USBD_SetDeviceFeature
                0x0000000000001626        0x2 ./User/USBLIB/CONFIG/usb_prop.o
                0x0000000000001626                USBD_SetDeviceFeature
 .text.USBD_Get_Interface_Setting
                0x0000000000001628       0x10 ./User/USBLIB/CONFIG/usb_prop.o
                0x0000000000001628                USBD_Get_Interface_Setting
 .text.USBD_Data_Setup
                0x0000000000001638       0x30 ./User/USBLIB/CONFIG/usb_prop.o
                0x0000000000001638                USBD_Data_Setup
 .text.USBD_NoData_Setup
                0x0000000000001668        0x4 ./User/USBLIB/CONFIG/usb_prop.o
                0x0000000000001668                USBD_NoData_Setup
 .text.USBD_UDisk_Get_Max_Lun
                0x000000000000166c       0x14 ./User/USBLIB/CONFIG/usb_prop.o
                0x000000000000166c                USBD_UDisk_Get_Max_Lun
 .text.USBD_init
                0x0000000000001680       0x58 ./User/USBLIB/CONFIG/usb_prop.o
                0x0000000000001680                USBD_init
 .text.USBD_Reset
                0x00000000000016d8      0x1ce ./User/USBLIB/CONFIG/usb_prop.o
                0x00000000000016d8                USBD_Reset
 .text.USBD_GetDeviceDescriptor
                0x00000000000018a6       0x10 ./User/USBLIB/CONFIG/usb_prop.o
                0x00000000000018a6                USBD_GetDeviceDescriptor
 .text.USBD_GetConfigDescriptor
                0x00000000000018b6       0x14 ./User/USBLIB/CONFIG/usb_prop.o
                0x00000000000018b6                USBD_GetConfigDescriptor
 .text.USBD_GetStringDescriptor
                0x00000000000018ca       0x28 ./User/USBLIB/CONFIG/usb_prop.o
                0x00000000000018ca                USBD_GetStringDescriptor
 .text.USBD_Status_Out
                0x00000000000018f2        0x2 ./User/USBLIB/CONFIG/usb_prop.o
                0x00000000000018f2                USBD_Status_Out
 .text.USBD_ClearFeature
                0x00000000000018f4        0x2 ./User/USBLIB/CONFIG/usb_prop.o
                0x00000000000018f4                USBD_ClearFeature
 .text.USBD_Status_In
                0x00000000000018f6        0x2 ./User/USBLIB/CONFIG/usb_prop.o
                0x00000000000018f6                USBD_Status_In
 .text.PowerOn  0x00000000000018f8       0x2a ./User/USBLIB/CONFIG/usb_pwr.o
                0x00000000000018f8                PowerOn
 .text.Suspend  0x0000000000001922       0xba ./User/USBLIB/CONFIG/usb_pwr.o
                0x0000000000001922                Suspend
 .text.Resume_Init
                0x00000000000019dc       0x2c ./User/USBLIB/CONFIG/usb_pwr.o
                0x00000000000019dc                Resume_Init
 .text.Resume   0x0000000000001a08       0xb6 ./User/USBLIB/CONFIG/usb_pwr.o
                0x0000000000001a08                Resume
 .text.SD_SPI_RW
                0x0000000000001abe       0x22 ./User/SPI_SD.o
 .text.SD_SendCmd
                0x0000000000001ae0       0x76 ./User/SPI_SD.o
 .text.SD_SPI_ReInit
                0x0000000000001b56       0x50 ./User/SPI_SD.o
 .text.SD_ReadDataBlock
                0x0000000000001ba6       0x5c ./User/SPI_SD.o
 .text.SD_Port_Init
                0x0000000000001c02       0x6a ./User/SPI_SD.o
                0x0000000000001c02                SD_Port_Init
 .text.SD_Init  0x0000000000001c6c      0x276 ./User/SPI_SD.o
                0x0000000000001c6c                SD_Init
 .text.SD_ReadBlocks
                0x0000000000001ee2       0x72 ./User/SPI_SD.o
                0x0000000000001ee2                SD_ReadBlocks
 .text.SD_WriteBlocks
                0x0000000000001f54       0xdc ./User/SPI_SD.o
                0x0000000000001f54                SD_WriteBlocks
 .text.UDISK_CMD_Deal_Fail
                0x0000000000002030       0x3c ./User/SW_UDISK.o
                0x0000000000002030                UDISK_CMD_Deal_Fail
 .text.CMD_RD_WR_Deal_Pre
                0x000000000000206c       0x54 ./User/SW_UDISK.o
                0x000000000000206c                CMD_RD_WR_Deal_Pre
 .text.UDISK_SCSI_CMD_Deal
                0x00000000000020c0      0x34e ./User/SW_UDISK.o
                0x00000000000020c0                UDISK_SCSI_CMD_Deal
 .text.UDISK_Bulk_UpData
                0x000000000000240e       0x50 ./User/SW_UDISK.o
                0x000000000000240e                UDISK_Bulk_UpData
 .text.UDISK_Up_CSW
                0x000000000000245e       0x50 ./User/SW_UDISK.o
                0x000000000000245e                UDISK_Up_CSW
 .text.UDISK_Up_OnePack
                0x00000000000024ae       0xaa ./User/SW_UDISK.o
                0x00000000000024ae                UDISK_Up_OnePack
 .text.UDISK_In_EP_Deal
                0x0000000000002558       0x32 ./User/SW_UDISK.o
                0x0000000000002558                UDISK_In_EP_Deal
 .text.UDISK_Down_OnePack
                0x000000000000258a       0xae ./User/SW_UDISK.o
                0x000000000000258a                UDISK_Down_OnePack
 .text.UDISK_Out_EP_Deal
                0x0000000000002638       0x72 ./User/SW_UDISK.o
                0x0000000000002638                UDISK_Out_EP_Deal
 .text.NMI_Handler
                0x00000000000026aa        0x2 ./User/ch32v20x_it.o
                0x00000000000026aa                NMI_Handler
 .text.HardFault_Handler
                0x00000000000026ac       0x10 ./User/ch32v20x_it.o
                0x00000000000026ac                HardFault_Handler
 .text.startup.main
                0x00000000000026bc       0x92 ./User/main.o
                0x00000000000026bc                main
 .text.SystemInit
                0x000000000000274e       0xa8 ./User/system_ch32v20x.o
                0x000000000000274e                SystemInit
 .text.SystemCoreClockUpdate
                0x00000000000027f6       0x8e ./User/system_ch32v20x.o
                0x00000000000027f6                SystemCoreClockUpdate
 .text.vector_handler
                0x0000000000002884        0x2 ./Startup/startup_ch32v20x_D6.o
                0x0000000000002884                EXTI2_IRQHandler
                0x0000000000002884                TIM1_CC_IRQHandler
                0x0000000000002884                SysTick_Handler
                0x0000000000002884                PVD_IRQHandler
                0x0000000000002884                EXTI3_IRQHandler
                0x0000000000002884                USBFS_IRQHandler
                0x0000000000002884                EXTI0_IRQHandler
                0x0000000000002884                I2C2_EV_IRQHandler
                0x0000000000002884                ADC1_2_IRQHandler
                0x0000000000002884                Break_Point_Handler
                0x0000000000002884                SPI1_IRQHandler
                0x0000000000002884                TAMPER_IRQHandler
                0x0000000000002884                Ecall_M_Mode_Handler
                0x0000000000002884                DMA1_Channel4_IRQHandler
                0x0000000000002884                USART3_IRQHandler
                0x0000000000002884                RTC_IRQHandler
                0x0000000000002884                DMA1_Channel7_IRQHandler
                0x0000000000002884                CAN1_RX1_IRQHandler
                0x0000000000002884                TIM4_IRQHandler
                0x0000000000002884                I2C1_EV_IRQHandler
                0x0000000000002884                DMA1_Channel6_IRQHandler
                0x0000000000002884                UART4_IRQHandler
                0x0000000000002884                TIM3_IRQHandler
                0x0000000000002884                RCC_IRQHandler
                0x0000000000002884                TIM1_TRG_COM_IRQHandler
                0x0000000000002884                DMA1_Channel1_IRQHandler
                0x0000000000002884                EXTI15_10_IRQHandler
                0x0000000000002884                DMA1_Channel8_IRQHandler
                0x0000000000002884                EXTI9_5_IRQHandler
                0x0000000000002884                SPI2_IRQHandler
                0x0000000000002884                DMA1_Channel5_IRQHandler
                0x0000000000002884                EXTI4_IRQHandler
                0x0000000000002884                USB_HP_CAN1_TX_IRQHandler
                0x0000000000002884                DMA1_Channel3_IRQHandler
                0x0000000000002884                TIM1_UP_IRQHandler
                0x0000000000002884                WWDG_IRQHandler
                0x0000000000002884                Ecall_U_Mode_Handler
                0x0000000000002884                TIM2_IRQHandler
                0x0000000000002884                SW_Handler
                0x0000000000002884                TIM1_BRK_IRQHandler
                0x0000000000002884                EXTI1_IRQHandler
                0x0000000000002884                RTCAlarm_IRQHandler
                0x0000000000002884                USART2_IRQHandler
                0x0000000000002884                I2C2_ER_IRQHandler
                0x0000000000002884                DMA1_Channel2_IRQHandler
                0x0000000000002884                CAN1_SCE_IRQHandler
                0x0000000000002884                FLASH_IRQHandler
                0x0000000000002884                USBFSWakeUp_IRQHandler
                0x0000000000002884                USART1_IRQHandler
                0x0000000000002884                I2C1_ER_IRQHandler
 .text.handle_reset
                0x0000000000002886       0x86 ./Startup/startup_ch32v20x_D6.o
                0x0000000000002886                handle_reset
 .text.EXTI_Init
                0x000000000000290c       0x6a ./Peripheral/src/ch32v20x_exti.o
                0x000000000000290c                EXTI_Init
 .text.EXTI_ClearITPendingBit
                0x0000000000002976        0xa ./Peripheral/src/ch32v20x_exti.o
                0x0000000000002976                EXTI_ClearITPendingBit
 .text.GPIO_Init
                0x0000000000002980       0xf2 ./Peripheral/src/ch32v20x_gpio.o
                0x0000000000002980                GPIO_Init
 .text.NVIC_PriorityGroupConfig
                0x0000000000002a72        0x6 ./Peripheral/src/ch32v20x_misc.o
                0x0000000000002a72                NVIC_PriorityGroupConfig
 .text.NVIC_Init
                0x0000000000002a78       0x54 ./Peripheral/src/ch32v20x_misc.o
                0x0000000000002a78                NVIC_Init
 .text.RCC_USBCLKConfig
                0x0000000000002acc       0x1a ./Peripheral/src/ch32v20x_rcc.o
                0x0000000000002acc                RCC_USBCLKConfig
 .text.RCC_GetClocksFreq
                0x0000000000002ae6       0xbe ./Peripheral/src/ch32v20x_rcc.o
                0x0000000000002ae6                RCC_GetClocksFreq
 .text.RCC_APB2PeriphClockCmd
                0x0000000000002ba4       0x1e ./Peripheral/src/ch32v20x_rcc.o
                0x0000000000002ba4                RCC_APB2PeriphClockCmd
 .text.RCC_APB1PeriphClockCmd
                0x0000000000002bc2       0x1e ./Peripheral/src/ch32v20x_rcc.o
                0x0000000000002bc2                RCC_APB1PeriphClockCmd
 .text.SPI_Init
                0x0000000000002be0       0x3e ./Peripheral/src/ch32v20x_spi.o
                0x0000000000002be0                SPI_Init
 .text.SPI_Cmd  0x0000000000002c1e       0x1a ./Peripheral/src/ch32v20x_spi.o
                0x0000000000002c1e                SPI_Cmd
 .text.USART_Init
                0x0000000000002c38       0x90 ./Peripheral/src/ch32v20x_usart.o
                0x0000000000002c38                USART_Init
 .text.USART_Cmd
                0x0000000000002cc8       0x16 ./Peripheral/src/ch32v20x_usart.o
                0x0000000000002cc8                USART_Cmd
 .text.USART_SendData
                0x0000000000002cde        0x8 ./Peripheral/src/ch32v20x_usart.o
                0x0000000000002cde                USART_SendData
 .text.USART_GetFlagStatus
                0x0000000000002ce6        0xa ./Peripheral/src/ch32v20x_usart.o
                0x0000000000002ce6                USART_GetFlagStatus
 .text.Delay_Init
                0x0000000000002cf0       0x26 ./Debug/debug.o
                0x0000000000002cf0                Delay_Init
 .text.Delay_Ms
                0x0000000000002d16       0x36 ./Debug/debug.o
                0x0000000000002d16                Delay_Ms
 .text.USART_Printf_Init
                0x0000000000002d4c       0x5a ./Debug/debug.o
                0x0000000000002d4c                USART_Printf_Init
 .text._write   0x0000000000002da6       0x3e ./Debug/debug.o
                0x0000000000002da6                _write
 .text._sbrk    0x0000000000002de4       0x26 ./Debug/debug.o
                0x0000000000002de4                _sbrk
 .text.memcpy   0x0000000000002e0a       0xb2 c:/mounriver/mounriver_studio2/resources/app/resources/win32/components/wch/toolchain/risc-v embedded gcc/bin/../lib/gcc/riscv-none-embed/8.2.0/../../../../riscv-none-embed/lib/rv32imacxw/ilp32\libg_nano.a(lib_a-memcpy.o)
                0x0000000000002e0a                memcpy
 .text.printf   0x0000000000002ebc       0x40 c:/mounriver/mounriver_studio2/resources/app/resources/win32/components/wch/toolchain/risc-v embedded gcc/bin/../lib/gcc/riscv-none-embed/8.2.0/../../../../riscv-none-embed/lib/rv32imacxw/ilp32\libg_nano.a(lib_a-printf.o)
                0x0000000000002ebc                iprintf
                0x0000000000002ebc                printf
 .text._puts_r  0x0000000000002efc       0xd4 c:/mounriver/mounriver_studio2/resources/app/resources/win32/components/wch/toolchain/risc-v embedded gcc/bin/../lib/gcc/riscv-none-embed/8.2.0/../../../../riscv-none-embed/lib/rv32imacxw/ilp32\libg_nano.a(lib_a-puts.o)
                0x0000000000002efc                _puts_r
 .text.puts     0x0000000000002fd0        0xc c:/mounriver/mounriver_studio2/resources/app/resources/win32/components/wch/toolchain/risc-v embedded gcc/bin/../lib/gcc/riscv-none-embed/8.2.0/../../../../riscv-none-embed/lib/rv32imacxw/ilp32\libg_nano.a(lib_a-puts.o)
                0x0000000000002fd0                puts
 .text.__swbuf_r
                0x0000000000002fdc       0xbc c:/mounriver/mounriver_studio2/resources/app/resources/win32/components/wch/toolchain/risc-v embedded gcc/bin/../lib/gcc/riscv-none-embed/8.2.0/../../../../riscv-none-embed/lib/rv32imacxw/ilp32\libg_nano.a(lib_a-wbuf.o)
                0x0000000000002fdc                __swbuf_r
 .text.__swsetup_r
                0x0000000000003098       0xfc c:/mounriver/mounriver_studio2/resources/app/resources/win32/components/wch/toolchain/risc-v embedded gcc/bin/../lib/gcc/riscv-none-embed/8.2.0/../../../../riscv-none-embed/lib/rv32imacxw/ilp32\libg_nano.a(lib_a-wsetup.o)
                0x0000000000003098                __swsetup_r
 .text.__sflush_r
                0x0000000000003194      0x130 c:/mounriver/mounriver_studio2/resources/app/resources/win32/components/wch/toolchain/risc-v embedded gcc/bin/../lib/gcc/riscv-none-embed/8.2.0/../../../../riscv-none-embed/lib/rv32imacxw/ilp32\libg_nano.a(lib_a-fflush.o)
                0x0000000000003194                __sflush_r
 .text._fflush_r
                0x00000000000032c4       0x66 c:/mounriver/mounriver_studio2/resources/app/resources/win32/components/wch/toolchain/risc-v embedded gcc/bin/../lib/gcc/riscv-none-embed/8.2.0/../../../../riscv-none-embed/lib/rv32imacxw/ilp32\libg_nano.a(lib_a-fflush.o)
                0x00000000000032c4                _fflush_r
 .text.std      0x000000000000332a       0x66 c:/mounriver/mounriver_studio2/resources/app/resources/win32/components/wch/toolchain/risc-v embedded gcc/bin/../lib/gcc/riscv-none-embed/8.2.0/../../../../riscv-none-embed/lib/rv32imacxw/ilp32\libg_nano.a(lib_a-findfp.o)
 .text._cleanup_r
                0x0000000000003390        0xa c:/mounriver/mounriver_studio2/resources/app/resources/win32/components/wch/toolchain/risc-v embedded gcc/bin/../lib/gcc/riscv-none-embed/8.2.0/../../../../riscv-none-embed/lib/rv32imacxw/ilp32\libg_nano.a(lib_a-findfp.o)
                0x0000000000003390                _cleanup_r
 .text.__sfmoreglue
                0x000000000000339a       0x46 c:/mounriver/mounriver_studio2/resources/app/resources/win32/components/wch/toolchain/risc-v embedded gcc/bin/../lib/gcc/riscv-none-embed/8.2.0/../../../../riscv-none-embed/lib/rv32imacxw/ilp32\libg_nano.a(lib_a-findfp.o)
                0x000000000000339a                __sfmoreglue
 .text.__sinit  0x00000000000033e0       0x6c c:/mounriver/mounriver_studio2/resources/app/resources/win32/components/wch/toolchain/risc-v embedded gcc/bin/../lib/gcc/riscv-none-embed/8.2.0/../../../../riscv-none-embed/lib/rv32imacxw/ilp32\libg_nano.a(lib_a-findfp.o)
                0x00000000000033e0                __sinit
 .text.__sfp    0x000000000000344c       0xa0 c:/mounriver/mounriver_studio2/resources/app/resources/win32/components/wch/toolchain/risc-v embedded gcc/bin/../lib/gcc/riscv-none-embed/8.2.0/../../../../riscv-none-embed/lib/rv32imacxw/ilp32\libg_nano.a(lib_a-findfp.o)
                0x000000000000344c                __sfp
 .text._fwalk_reent
                0x00000000000034ec       0x6a c:/mounriver/mounriver_studio2/resources/app/resources/win32/components/wch/toolchain/risc-v embedded gcc/bin/../lib/gcc/riscv-none-embed/8.2.0/../../../../riscv-none-embed/lib/rv32imacxw/ilp32\libg_nano.a(lib_a-fwalk.o)
                0x00000000000034ec                _fwalk_reent
 .text.__swhatbuf_r
                0x0000000000003556       0x58 c:/mounriver/mounriver_studio2/resources/app/resources/win32/components/wch/toolchain/risc-v embedded gcc/bin/../lib/gcc/riscv-none-embed/8.2.0/../../../../riscv-none-embed/lib/rv32imacxw/ilp32\libg_nano.a(lib_a-makebuf.o)
                0x0000000000003556                __swhatbuf_r
 .text.__smakebuf_r
                0x00000000000035ae       0x92 c:/mounriver/mounriver_studio2/resources/app/resources/win32/components/wch/toolchain/risc-v embedded gcc/bin/../lib/gcc/riscv-none-embed/8.2.0/../../../../riscv-none-embed/lib/rv32imacxw/ilp32\libg_nano.a(lib_a-makebuf.o)
                0x00000000000035ae                __smakebuf_r
 .text._free_r  0x0000000000003640       0xa8 c:/mounriver/mounriver_studio2/resources/app/resources/win32/components/wch/toolchain/risc-v embedded gcc/bin/../lib/gcc/riscv-none-embed/8.2.0/../../../../riscv-none-embed/lib/rv32imacxw/ilp32\libg_nano.a(lib_a-nano-freer.o)
                0x0000000000003640                _free_r
 .text._malloc_r
                0x00000000000036e8       0xd4 c:/mounriver/mounriver_studio2/resources/app/resources/win32/components/wch/toolchain/risc-v embedded gcc/bin/../lib/gcc/riscv-none-embed/8.2.0/../../../../riscv-none-embed/lib/rv32imacxw/ilp32\libg_nano.a(lib_a-nano-mallocr.o)
                0x00000000000036e8                _malloc_r
 .text.__sfputc_r
                0x00000000000037bc       0x28 c:/mounriver/mounriver_studio2/resources/app/resources/win32/components/wch/toolchain/risc-v embedded gcc/bin/../lib/gcc/riscv-none-embed/8.2.0/../../../../riscv-none-embed/lib/rv32imacxw/ilp32\libg_nano.a(lib_a-nano-vfprintf.o)
 .text.__sfputs_r
                0x00000000000037e4       0x42 c:/mounriver/mounriver_studio2/resources/app/resources/win32/components/wch/toolchain/risc-v embedded gcc/bin/../lib/gcc/riscv-none-embed/8.2.0/../../../../riscv-none-embed/lib/rv32imacxw/ilp32\libg_nano.a(lib_a-nano-vfprintf.o)
                0x00000000000037e4                __sfputs_r
 .text._vfprintf_r
                0x0000000000003826      0x288 c:/mounriver/mounriver_studio2/resources/app/resources/win32/components/wch/toolchain/risc-v embedded gcc/bin/../lib/gcc/riscv-none-embed/8.2.0/../../../../riscv-none-embed/lib/rv32imacxw/ilp32\libg_nano.a(lib_a-nano-vfprintf.o)
                0x0000000000003826                _vfprintf_r
                0x0000000000003826                _vfiprintf_r
 .text._printf_common
                0x0000000000003aae      0x10c c:/mounriver/mounriver_studio2/resources/app/resources/win32/components/wch/toolchain/risc-v embedded gcc/bin/../lib/gcc/riscv-none-embed/8.2.0/../../../../riscv-none-embed/lib/rv32imacxw/ilp32\libg_nano.a(lib_a-nano-vfprintf_i.o)
                0x0000000000003aae                _printf_common
 .text._printf_i
                0x0000000000003bba      0x2a2 c:/mounriver/mounriver_studio2/resources/app/resources/win32/components/wch/toolchain/risc-v embedded gcc/bin/../lib/gcc/riscv-none-embed/8.2.0/../../../../riscv-none-embed/lib/rv32imacxw/ilp32\libg_nano.a(lib_a-nano-vfprintf_i.o)
                0x0000000000003bba                _printf_i
 .text._sbrk_r  0x0000000000003e5c       0x2a c:/mounriver/mounriver_studio2/resources/app/resources/win32/components/wch/toolchain/risc-v embedded gcc/bin/../lib/gcc/riscv-none-embed/8.2.0/../../../../riscv-none-embed/lib/rv32imacxw/ilp32\libg_nano.a(lib_a-sbrkr.o)
                0x0000000000003e5c                _sbrk_r
 .text.__sread  0x0000000000003e86       0x2c c:/mounriver/mounriver_studio2/resources/app/resources/win32/components/wch/toolchain/risc-v embedded gcc/bin/../lib/gcc/riscv-none-embed/8.2.0/../../../../riscv-none-embed/lib/rv32imacxw/ilp32\libg_nano.a(lib_a-stdio.o)
                0x0000000000003e86                __sread
 .text.__swrite
                0x0000000000003eb2       0x48 c:/mounriver/mounriver_studio2/resources/app/resources/win32/components/wch/toolchain/risc-v embedded gcc/bin/../lib/gcc/riscv-none-embed/8.2.0/../../../../riscv-none-embed/lib/rv32imacxw/ilp32\libg_nano.a(lib_a-stdio.o)
                0x0000000000003eb2                __swrite
 .text.__sseek  0x0000000000003efa       0x30 c:/mounriver/mounriver_studio2/resources/app/resources/win32/components/wch/toolchain/risc-v embedded gcc/bin/../lib/gcc/riscv-none-embed/8.2.0/../../../../riscv-none-embed/lib/rv32imacxw/ilp32\libg_nano.a(lib_a-stdio.o)
                0x0000000000003efa                __sseek
 .text.__sclose
                0x0000000000003f2a        0x6 c:/mounriver/mounriver_studio2/resources/app/resources/win32/components/wch/toolchain/risc-v embedded gcc/bin/../lib/gcc/riscv-none-embed/8.2.0/../../../../riscv-none-embed/lib/rv32imacxw/ilp32\libg_nano.a(lib_a-stdio.o)
                0x0000000000003f2a                __sclose
 .text._write_r
                0x0000000000003f30       0x2e c:/mounriver/mounriver_studio2/resources/app/resources/win32/components/wch/toolchain/risc-v embedded gcc/bin/../lib/gcc/riscv-none-embed/8.2.0/../../../../riscv-none-embed/lib/rv32imacxw/ilp32\libg_nano.a(lib_a-writer.o)
                0x0000000000003f30                _write_r
 .text._close_r
                0x0000000000003f5e       0x28 c:/mounriver/mounriver_studio2/resources/app/resources/win32/components/wch/toolchain/risc-v embedded gcc/bin/../lib/gcc/riscv-none-embed/8.2.0/../../../../riscv-none-embed/lib/rv32imacxw/ilp32\libg_nano.a(lib_a-closer.o)
                0x0000000000003f5e                _close_r
 .text._fstat_r
                0x0000000000003f86       0x2a c:/mounriver/mounriver_studio2/resources/app/resources/win32/components/wch/toolchain/risc-v embedded gcc/bin/../lib/gcc/riscv-none-embed/8.2.0/../../../../riscv-none-embed/lib/rv32imacxw/ilp32\libg_nano.a(lib_a-fstatr.o)
                0x0000000000003f86                _fstat_r
 .text._isatty_r
                0x0000000000003fb0       0x28 c:/mounriver/mounriver_studio2/resources/app/resources/win32/components/wch/toolchain/risc-v embedded gcc/bin/../lib/gcc/riscv-none-embed/8.2.0/../../../../riscv-none-embed/lib/rv32imacxw/ilp32\libg_nano.a(lib_a-isattyr.o)
                0x0000000000003fb0                _isatty_r
 .text._lseek_r
                0x0000000000003fd8       0x2c c:/mounriver/mounriver_studio2/resources/app/resources/win32/components/wch/toolchain/risc-v embedded gcc/bin/../lib/gcc/riscv-none-embed/8.2.0/../../../../riscv-none-embed/lib/rv32imacxw/ilp32\libg_nano.a(lib_a-lseekr.o)
                0x0000000000003fd8                _lseek_r
 .text.memchr   0x0000000000004004       0x18 c:/mounriver/mounriver_studio2/resources/app/resources/win32/components/wch/toolchain/risc-v embedded gcc/bin/../lib/gcc/riscv-none-embed/8.2.0/../../../../riscv-none-embed/lib/rv32imacxw/ilp32\libg_nano.a(lib_a-memchr.o)
                0x0000000000004004                memchr
 .text.__malloc_lock
                0x000000000000401c        0x2 c:/mounriver/mounriver_studio2/resources/app/resources/win32/components/wch/toolchain/risc-v embedded gcc/bin/../lib/gcc/riscv-none-embed/8.2.0/../../../../riscv-none-embed/lib/rv32imacxw/ilp32\libg_nano.a(lib_a-mlock.o)
                0x000000000000401c                __malloc_lock
 .text.__malloc_unlock
                0x000000000000401e        0x2 c:/mounriver/mounriver_studio2/resources/app/resources/win32/components/wch/toolchain/risc-v embedded gcc/bin/../lib/gcc/riscv-none-embed/8.2.0/../../../../riscv-none-embed/lib/rv32imacxw/ilp32\libg_nano.a(lib_a-mlock.o)
                0x000000000000401e                __malloc_unlock
 .text._read_r  0x0000000000004020       0x2c c:/mounriver/mounriver_studio2/resources/app/resources/win32/components/wch/toolchain/risc-v embedded gcc/bin/../lib/gcc/riscv-none-embed/8.2.0/../../../../riscv-none-embed/lib/rv32imacxw/ilp32\libg_nano.a(lib_a-readr.o)
                0x0000000000004020                _read_r
 .text._close   0x000000000000404c        0xc c:/mounriver/mounriver_studio2/resources/app/resources/win32/components/wch/toolchain/risc-v embedded gcc/bin/../lib/gcc/riscv-none-embed/8.2.0/../../../../riscv-none-embed/lib/rv32imacxw/ilp32\libnosys.a(close.o)
                0x000000000000404c                _close
 .text._fstat   0x0000000000004058        0xc c:/mounriver/mounriver_studio2/resources/app/resources/win32/components/wch/toolchain/risc-v embedded gcc/bin/../lib/gcc/riscv-none-embed/8.2.0/../../../../riscv-none-embed/lib/rv32imacxw/ilp32\libnosys.a(fstat.o)
                0x0000000000004058                _fstat
 .text._isatty  0x0000000000004064        0xc c:/mounriver/mounriver_studio2/resources/app/resources/win32/components/wch/toolchain/risc-v embedded gcc/bin/../lib/gcc/riscv-none-embed/8.2.0/../../../../riscv-none-embed/lib/rv32imacxw/ilp32\libnosys.a(isatty.o)
                0x0000000000004064                _isatty
 .text._lseek   0x0000000000004070        0xc c:/mounriver/mounriver_studio2/resources/app/resources/win32/components/wch/toolchain/risc-v embedded gcc/bin/../lib/gcc/riscv-none-embed/8.2.0/../../../../riscv-none-embed/lib/rv32imacxw/ilp32\libnosys.a(lseek.o)
                0x0000000000004070                _lseek
 .text._read    0x000000000000407c        0xc c:/mounriver/mounriver_studio2/resources/app/resources/win32/components/wch/toolchain/risc-v embedded gcc/bin/../lib/gcc/riscv-none-embed/8.2.0/../../../../riscv-none-embed/lib/rv32imacxw/ilp32\libnosys.a(read.o)
                0x000000000000407c                _read
 *(.rodata)
 *(.rodata*)
 *fill*         0x0000000000004088        0x0 
 .rodata.Enter_LowPowerMode.str1.4
                0x0000000000004088       0x1a ./User/USBLIB/CONFIG/hw_config.o
 *fill*         0x00000000000040a2        0x2 
 .rodata.Leave_LowPowerMode.str1.4
                0x00000000000040a4       0x1a ./User/USBLIB/CONFIG/hw_config.o
 *fill*         0x00000000000040be        0x2 
 .rodata.USBD_ConfigDescriptor
                0x00000000000040c0       0x20 ./User/USBLIB/CONFIG/usb_desc.o
                0x00000000000040c0                USBD_ConfigDescriptor
 .rodata.USBD_DeviceDescriptor
                0x00000000000040e0       0x12 ./User/USBLIB/CONFIG/usb_desc.o
                0x00000000000040e0                USBD_DeviceDescriptor
 *fill*         0x00000000000040f2        0x2 
 .rodata.USBD_StringProduct
                0x00000000000040f4       0x16 ./User/USBLIB/CONFIG/usb_desc.o
                0x00000000000040f4                USBD_StringProduct
 *fill*         0x000000000000410a        0x2 
 .rodata.USBD_StringSerial
                0x000000000000410c       0x1a ./User/USBLIB/CONFIG/usb_desc.o
                0x000000000000410c                USBD_StringSerial
 *fill*         0x0000000000004126        0x2 
 .rodata.USBD_StringVendor
                0x0000000000004128        0xe ./User/USBLIB/CONFIG/usb_desc.o
                0x0000000000004128                USBD_StringVendor
 *fill*         0x0000000000004136        0x2 
 .rodata.Resume
                0x0000000000004138       0x18 ./User/USBLIB/CONFIG/usb_pwr.o
 .rodata.UDISK_Mode_Senese_5A
                0x0000000000004150       0x10 ./User/SW_UDISK.o
                0x0000000000004150                UDISK_Mode_Senese_5A
 .rodata.UDISK_Mode_Sense_1A
                0x0000000000004160        0xc ./User/SW_UDISK.o
                0x0000000000004160                UDISK_Mode_Sense_1A
 .rodata.UDISK_Rd_Format_Capacity
                0x000000000000416c        0xc ./User/SW_UDISK.o
                0x000000000000416c                UDISK_Rd_Format_Capacity
 .rodata.main.str1.4
                0x0000000000004178       0x76 ./User/main.o
 *fill*         0x00000000000041ee        0x2 
 .rodata.__sf_fake_stderr
                0x00000000000041f0       0x20 c:/mounriver/mounriver_studio2/resources/app/resources/win32/components/wch/toolchain/risc-v embedded gcc/bin/../lib/gcc/riscv-none-embed/8.2.0/../../../../riscv-none-embed/lib/rv32imacxw/ilp32\libg_nano.a(lib_a-findfp.o)
                0x00000000000041f0                __sf_fake_stderr
 .rodata.__sf_fake_stdin
                0x0000000000004210       0x20 c:/mounriver/mounriver_studio2/resources/app/resources/win32/components/wch/toolchain/risc-v embedded gcc/bin/../lib/gcc/riscv-none-embed/8.2.0/../../../../riscv-none-embed/lib/rv32imacxw/ilp32\libg_nano.a(lib_a-findfp.o)
                0x0000000000004210                __sf_fake_stdin
 .rodata.__sf_fake_stdout
                0x0000000000004230       0x20 c:/mounriver/mounriver_studio2/resources/app/resources/win32/components/wch/toolchain/risc-v embedded gcc/bin/../lib/gcc/riscv-none-embed/8.2.0/../../../../riscv-none-embed/lib/rv32imacxw/ilp32\libg_nano.a(lib_a-findfp.o)
                0x0000000000004230                __sf_fake_stdout
 .rodata._vfprintf_r.str1.4
                0x0000000000004250       0x13 c:/mounriver/mounriver_studio2/resources/app/resources/win32/components/wch/toolchain/risc-v embedded gcc/bin/../lib/gcc/riscv-none-embed/8.2.0/../../../../riscv-none-embed/lib/rv32imacxw/ilp32\libg_nano.a(lib_a-nano-vfprintf.o)
 *fill*         0x0000000000004263        0x1 
 .rodata._printf_i.str1.4
                0x0000000000004264       0x28 c:/mounriver/mounriver_studio2/resources/app/resources/win32/components/wch/toolchain/risc-v embedded gcc/bin/../lib/gcc/riscv-none-embed/8.2.0/../../../../riscv-none-embed/lib/rv32imacxw/ilp32\libg_nano.a(lib_a-nano-vfprintf_i.o)
                                         0x25 (size before relaxing)
 *(.gnu.linkonce.t.*)
                0x000000000000428c                . = ALIGN (0x4)

.rela.dyn       0x000000000000428c        0x0
 .rela.init     0x000000000000428c        0x0 ./User/USBLIB/USB-Driver/src/usb_core.o
 .rela.vector   0x000000000000428c        0x0 ./User/USBLIB/USB-Driver/src/usb_core.o
 .rela.text.handle_reset
                0x000000000000428c        0x0 ./User/USBLIB/USB-Driver/src/usb_core.o
 .rela.text._sbrk
                0x000000000000428c        0x0 ./User/USBLIB/USB-Driver/src/usb_core.o
 .rela.sdata.curbrk.4672
                0x000000000000428c        0x0 ./User/USBLIB/USB-Driver/src/usb_core.o
 .rela.text._vfprintf_r
                0x000000000000428c        0x0 ./User/USBLIB/USB-Driver/src/usb_core.o
 .rela.text._sbrk_r
                0x000000000000428c        0x0 ./User/USBLIB/USB-Driver/src/usb_core.o
 .rela.text._write_r
                0x000000000000428c        0x0 ./User/USBLIB/USB-Driver/src/usb_core.o
 .rela.text._close_r
                0x000000000000428c        0x0 ./User/USBLIB/USB-Driver/src/usb_core.o
 .rela.text._fstat_r
                0x000000000000428c        0x0 ./User/USBLIB/USB-Driver/src/usb_core.o
 .rela.text._isatty_r
                0x000000000000428c        0x0 ./User/USBLIB/USB-Driver/src/usb_core.o
 .rela.text._lseek_r
                0x000000000000428c        0x0 ./User/USBLIB/USB-Driver/src/usb_core.o
 .rela.text._read_r
                0x000000000000428c        0x0 ./User/USBLIB/USB-Driver/src/usb_core.o
 .rela.text._close
                0x000000000000428c        0x0 ./User/USBLIB/USB-Driver/src/usb_core.o
 .rela.text._fstat
                0x000000000000428c        0x0 ./User/USBLIB/USB-Driver/src/usb_core.o
 .rela.text._isatty
                0x000000000000428c        0x0 ./User/USBLIB/USB-Driver/src/usb_core.o
 .rela.text._lseek
                0x000000000000428c        0x0 ./User/USBLIB/USB-Driver/src/usb_core.o
 .rela.text._read
                0x000000000000428c        0x0 ./User/USBLIB/USB-Driver/src/usb_core.o

.fini           0x000000000000428c        0x0
 *(SORT_NONE(.fini))
                0x000000000000428c                . = ALIGN (0x4)
                [!provide]                        PROVIDE (_etext = .)
                [!provide]                        PROVIDE (_eitcm = .)

.preinit_array  0x000000000000428c        0x0
                [!provide]                        PROVIDE (__preinit_array_start = .)
 *(.preinit_array)
                [!provide]                        PROVIDE (__preinit_array_end = .)

.init_array     0x000000000000428c        0x0
                [!provide]                        PROVIDE (__init_array_start = .)
 *(SORT_BY_INIT_PRIORITY(.init_array.*) SORT_BY_INIT_PRIORITY(.ctors.*))
 *(.init_array EXCLUDE_FILE(*crtend?.o *crtend.o *crtbegin?.o *crtbegin.o) .ctors)
                [!provide]                        PROVIDE (__init_array_end = .)

.fini_array     0x000000000000428c        0x0
                [!provide]                        PROVIDE (__fini_array_start = .)
 *(SORT_BY_INIT_PRIORITY(.fini_array.*) SORT_BY_INIT_PRIORITY(.dtors.*))
 *(.fini_array EXCLUDE_FILE(*crtend?.o *crtend.o *crtbegin?.o *crtbegin.o) .dtors)
                [!provide]                        PROVIDE (__fini_array_end = .)

.ctors
 *crtbegin.o(.ctors)
 *crtbegin?.o(.ctors)
 *(EXCLUDE_FILE(*crtend?.o *crtend.o) .ctors)
 *(SORT_BY_NAME(.ctors.*))
 *(.ctors)

.dtors
 *crtbegin.o(.dtors)
 *crtbegin?.o(.dtors)
 *(EXCLUDE_FILE(*crtend?.o *crtend.o) .dtors)
 *(SORT_BY_NAME(.dtors.*))
 *(.dtors)

.dalign         0x0000000020000000        0x0 load address 0x000000000000428c
                0x0000000020000000                . = ALIGN (0x4)
                0x0000000020000000                PROVIDE (_data_vma = .)

.dlalign        0x000000000000428c        0x0
                0x000000000000428c                . = ALIGN (0x4)
                0x000000000000428c                PROVIDE (_data_lma = .)

.data           0x0000000020000000      0x190 load address 0x000000000000428c
 *(.gnu.linkonce.r.*)
 *(.data .data.*)
 .data.pEpInt_IN
                0x0000000020000000       0x1c ./User/USBLIB/CONFIG/usb_istr.o
                0x0000000020000000                pEpInt_IN
 .data.pEpInt_OUT
                0x000000002000001c       0x1c ./User/USBLIB/CONFIG/usb_istr.o
                0x000000002000001c                pEpInt_OUT
 .data.Device_Property
                0x0000000020000038       0x30 ./User/USBLIB/CONFIG/usb_prop.o
                0x0000000020000038                Device_Property
 .data.String_Descriptor
                0x0000000020000068       0x20 ./User/USBLIB/CONFIG/usb_prop.o
                0x0000000020000068                String_Descriptor
 .data.User_Standard_Requests
                0x0000000020000088       0x24 ./User/USBLIB/CONFIG/usb_prop.o
                0x0000000020000088                User_Standard_Requests
 .data.UDISK_Inquity_Tab
                0x00000000200000ac       0x24 ./User/SW_UDISK.o
                0x00000000200000ac                UDISK_Inquity_Tab
 .data.AHBPrescTable
                0x00000000200000d0       0x10 ./User/system_ch32v20x.o
                0x00000000200000d0                AHBPrescTable
 .data.APBAHBPrescTable
                0x00000000200000e0       0x10 ./Peripheral/src/ch32v20x_rcc.o
 .data.impure_data
                0x00000000200000f0       0x60 c:/mounriver/mounriver_studio2/resources/app/resources/win32/components/wch/toolchain/risc-v embedded gcc/bin/../lib/gcc/riscv-none-embed/8.2.0/../../../../riscv-none-embed/lib/rv32imacxw/ilp32\libg_nano.a(lib_a-impure.o)
 *(.gnu.linkonce.d.*)
                0x0000000020000150                . = ALIGN (0x8)
                0x0000000020000950                PROVIDE (__global_pointer$ = (. + 0x800))
 *(.sdata .sdata.*)
 .sdata.Config_Descriptor
                0x0000000020000150        0x8 ./User/USBLIB/CONFIG/usb_prop.o
                0x0000000020000150                Config_Descriptor
 .sdata.Device_Descriptor
                0x0000000020000158        0x8 ./User/USBLIB/CONFIG/usb_prop.o
                0x0000000020000158                Device_Descriptor
 .sdata.Device_Table
                0x0000000020000160        0x2 ./User/USBLIB/CONFIG/usb_prop.o
                0x0000000020000160                Device_Table
 *fill*         0x0000000020000162        0x2 
 .sdata.fSuspendEnabled
                0x0000000020000164        0x4 ./User/USBLIB/CONFIG/usb_pwr.o
                0x0000000020000164                fSuspendEnabled
 .sdata.s_sector_size
                0x0000000020000168        0x2 ./User/SPI_SD.o
 .sdata.UDISK_Pack_Size
                0x000000002000016a        0x2 ./User/SW_UDISK.o
                0x000000002000016a                UDISK_Pack_Size
 .sdata.SystemCoreClock
                0x000000002000016c        0x4 ./User/system_ch32v20x.o
                0x000000002000016c                SystemCoreClock
 .sdata.ADCPrescTable
                0x0000000020000170        0x4 ./Peripheral/src/ch32v20x_rcc.o
 .sdata.curbrk.4672
                0x0000000020000174        0x4 ./Debug/debug.o
 .sdata._impure_ptr
                0x0000000020000178        0x4 c:/mounriver/mounriver_studio2/resources/app/resources/win32/components/wch/toolchain/risc-v embedded gcc/bin/../lib/gcc/riscv-none-embed/8.2.0/../../../../riscv-none-embed/lib/rv32imacxw/ilp32\libg_nano.a(lib_a-impure.o)
                0x0000000020000178                _impure_ptr
 *(.sdata2.*)
 .sdata2.USBD_StringLangID
                0x000000002000017c        0x4 ./User/USBLIB/CONFIG/usb_desc.o
                0x000000002000017c                USBD_StringLangID
 .sdata2.UDISK_Rd_Capacity
                0x0000000020000180        0x8 ./User/SW_UDISK.o
                0x0000000020000180                UDISK_Rd_Capacity
 .sdata2._global_impure_ptr
                0x0000000020000188        0x4 c:/mounriver/mounriver_studio2/resources/app/resources/win32/components/wch/toolchain/risc-v embedded gcc/bin/../lib/gcc/riscv-none-embed/8.2.0/../../../../riscv-none-embed/lib/rv32imacxw/ilp32\libg_nano.a(lib_a-impure.o)
                0x0000000020000188                _global_impure_ptr
 *(.gnu.linkonce.s.*)
                0x0000000020000190                . = ALIGN (0x8)
 *fill*         0x000000002000018c        0x4 
 *(.srodata.cst16)
 *(.srodata.cst8)
 *(.srodata.cst4)
 *(.srodata.cst2)
 *(.srodata .srodata.*)
                0x0000000020000190                . = ALIGN (0x4)
                0x0000000020000190                PROVIDE (_edata = .)

.bss            0x0000000020000190      0x518 load address 0x000000000000441c
                0x0000000020000190                . = ALIGN (0x4)
                0x0000000020000190                PROVIDE (_sbss = .)
 *(.sbss*)
 .sbss.Data_Mul_MaxPacketSize
                0x0000000020000190        0x4 ./User/USBLIB/USB-Driver/src/usb_core.o
                0x0000000020000190                Data_Mul_MaxPacketSize
 .sbss.StatusInfo
                0x0000000020000194        0x2 ./User/USBLIB/USB-Driver/src/usb_core.o
                0x0000000020000194                StatusInfo
 .sbss.EPindex  0x0000000020000196        0x1 ./User/USBLIB/USB-Driver/src/usb_init.o
                0x0000000020000196                EPindex
 *fill*         0x0000000020000197        0x1 
 .sbss.pInformation
                0x0000000020000198        0x4 ./User/USBLIB/USB-Driver/src/usb_init.o
                0x0000000020000198                pInformation
 .sbss.pProperty
                0x000000002000019c        0x4 ./User/USBLIB/USB-Driver/src/usb_init.o
                0x000000002000019c                pProperty
 .sbss.pUser_Standard_Requests
                0x00000000200001a0        0x4 ./User/USBLIB/USB-Driver/src/usb_init.o
                0x00000000200001a0                pUser_Standard_Requests
 .sbss.wInterrupt_Mask
                0x00000000200001a4        0x2 ./User/USBLIB/USB-Driver/src/usb_init.o
                0x00000000200001a4                wInterrupt_Mask
 .sbss.SaveRState
                0x00000000200001a6        0x2 ./User/USBLIB/USB-Driver/src/usb_int.o
                0x00000000200001a6                SaveRState
 .sbss.SaveTState
                0x00000000200001a8        0x2 ./User/USBLIB/USB-Driver/src/usb_int.o
                0x00000000200001a8                SaveTState
 .sbss.USB_Rx_Cnt
                0x00000000200001aa        0x2 ./User/USBLIB/CONFIG/usb_endp.o
                0x00000000200001aa                USB_Rx_Cnt
 .sbss.Ep0RxBlks
                0x00000000200001ac        0x2 ./User/USBLIB/CONFIG/usb_istr.o
                0x00000000200001ac                Ep0RxBlks
 .sbss.bIntPackSOF
                0x00000000200001ae        0x1 ./User/USBLIB/CONFIG/usb_istr.o
                0x00000000200001ae                bIntPackSOF
 *fill*         0x00000000200001af        0x1 
 .sbss.esof_counter
                0x00000000200001b0        0x4 ./User/USBLIB/CONFIG/usb_istr.o
                0x00000000200001b0                esof_counter
 .sbss.wCNTR    0x00000000200001b4        0x4 ./User/USBLIB/CONFIG/usb_istr.o
                0x00000000200001b4                wCNTR
 .sbss.wIstr    0x00000000200001b8        0x2 ./User/USBLIB/CONFIG/usb_istr.o
                0x00000000200001b8                wIstr
 .sbss.UDisk_Max_Lun
                0x00000000200001ba        0x1 ./User/USBLIB/CONFIG/usb_prop.o
                0x00000000200001ba                UDisk_Max_Lun
 *fill*         0x00000000200001bb        0x1 
 .sbss.ResumeS  0x00000000200001bc        0x8 ./User/USBLIB/CONFIG/usb_pwr.o
                0x00000000200001bc                ResumeS
 .sbss.bDeviceState
                0x00000000200001c4        0x4 ./User/USBLIB/CONFIG/usb_pwr.o
                0x00000000200001c4                bDeviceState
 .sbss.remotewakeupon
                0x00000000200001c8        0x4 ./User/USBLIB/CONFIG/usb_pwr.o
                0x00000000200001c8                remotewakeupon
 .sbss.s_is_sdhc
                0x00000000200001cc        0x1 ./User/SPI_SD.o
 *fill*         0x00000000200001cd        0x3 
 .sbss.s_sector_count
                0x00000000200001d0        0x4 ./User/SPI_SD.o
 .sbss.UDISK_Cur_Sec_Lba
                0x00000000200001d4        0x4 ./User/SW_UDISK.o
                0x00000000200001d4                UDISK_Cur_Sec_Lba
 .sbss.UDISK_Sec_Pack_Count
                0x00000000200001d8        0x2 ./User/SW_UDISK.o
                0x00000000200001d8                UDISK_Sec_Pack_Count
 *fill*         0x00000000200001da        0x2 
 .sbss.UDISK_Transfer_DataLen
                0x00000000200001dc        0x4 ./User/SW_UDISK.o
                0x00000000200001dc                UDISK_Transfer_DataLen
 .sbss.Udisk_CBW_Tag_Save
                0x00000000200001e0        0x4 ./User/SW_UDISK.o
                0x00000000200001e0                Udisk_CBW_Tag_Save
 .sbss.Udisk_CSW_Status
                0x00000000200001e4        0x1 ./User/SW_UDISK.o
                0x00000000200001e4                Udisk_CSW_Status
 *fill*         0x00000000200001e5        0x3 
 .sbss.Udisk_Capability
                0x00000000200001e8        0x4 ./User/SW_UDISK.o
                0x00000000200001e8                Udisk_Capability
 .sbss.Udisk_Sense_ASC
                0x00000000200001ec        0x1 ./User/SW_UDISK.o
                0x00000000200001ec                Udisk_Sense_ASC
 .sbss.Udisk_Sense_Key
                0x00000000200001ed        0x1 ./User/SW_UDISK.o
                0x00000000200001ed                Udisk_Sense_Key
 .sbss.Udisk_Status
                0x00000000200001ee        0x1 ./User/SW_UDISK.o
                0x00000000200001ee                Udisk_Status
 .sbss.Udisk_Transfer_Status
                0x00000000200001ef        0x1 ./User/SW_UDISK.o
                0x00000000200001ef                Udisk_Transfer_Status
 .sbss.pEndp2_Buf
                0x00000000200001f0        0x4 ./User/SW_UDISK.o
                0x00000000200001f0                pEndp2_Buf
 .sbss.MCU_Version
                0x00000000200001f4        0x1 ./Peripheral/src/ch32v20x_gpio.o
                0x00000000200001f4                MCU_Version
 *fill*         0x00000000200001f5        0x3 
 .sbss.NVIC_Priority_Group
                0x00000000200001f8        0x4 ./Peripheral/src/ch32v20x_misc.o
                0x00000000200001f8                NVIC_Priority_Group
 .sbss.p_ms     0x00000000200001fc        0x2 ./Debug/debug.o
 .sbss.p_us     0x00000000200001fe        0x1 ./Debug/debug.o
 *fill*         0x00000000200001ff        0x1 
 .sbss.__malloc_free_list
                0x0000000020000200        0x4 c:/mounriver/mounriver_studio2/resources/app/resources/win32/components/wch/toolchain/risc-v embedded gcc/bin/../lib/gcc/riscv-none-embed/8.2.0/../../../../riscv-none-embed/lib/rv32imacxw/ilp32\libg_nano.a(lib_a-nano-mallocr.o)
                0x0000000020000200                __malloc_free_list
 .sbss.__malloc_sbrk_start
                0x0000000020000204        0x4 c:/mounriver/mounriver_studio2/resources/app/resources/win32/components/wch/toolchain/risc-v embedded gcc/bin/../lib/gcc/riscv-none-embed/8.2.0/../../../../riscv-none-embed/lib/rv32imacxw/ilp32\libg_nano.a(lib_a-nano-mallocr.o)
                0x0000000020000204                __malloc_sbrk_start
 *(.gnu.linkonce.sb.*)
 *(.bss*)
 .bss.Device_Info
                0x0000000020000208       0x1c ./User/USBLIB/USB-Driver/src/usb_init.o
                0x0000000020000208                Device_Info
 .bss.UDisk_EP3_Pack_Buffer
                0x0000000020000224       0x40 ./User/USBLIB/CONFIG/usb_endp.o
                0x0000000020000224                UDisk_EP3_Pack_Buffer
 .bss.EP        0x0000000020000264       0x20 ./User/USBLIB/CONFIG/usb_pwr.o
                0x0000000020000264                EP
 .bss.SD_RD_BUF
                0x0000000020000284      0x200 ./User/SW_UDISK.o
 .bss.SD_WR_BUF
                0x0000000020000484      0x200 ./User/SW_UDISK.o
 .bss.mBOC      0x0000000020000684       0x1f ./User/SW_UDISK.o
                0x0000000020000684                mBOC
 *(.gnu.linkonce.b.*)
 *(COMMON*)
 *fill*         0x00000000200006a3        0x1 
 COMMON         0x00000000200006a4        0x4 c:/mounriver/mounriver_studio2/resources/app/resources/win32/components/wch/toolchain/risc-v embedded gcc/bin/../lib/gcc/riscv-none-embed/8.2.0/../../../../riscv-none-embed/lib/rv32imacxw/ilp32\libg_nano.a(lib_a-reent.o)
                0x00000000200006a4                errno
                0x00000000200006a8                . = ALIGN (0x4)
                0x00000000200006a8                PROVIDE (_ebss = .)
                0x00000000200006a8                PROVIDE (_end = _ebss)
                [!provide]                        PROVIDE (end = .)

.stack          0x0000000020004800      0x800
                0x0000000020004800                PROVIDE (_heap_end = .)
                0x0000000020004800                . = ALIGN (0x4)
                [!provide]                        PROVIDE (_susrstack = .)
                0x0000000020005000                . = (. + __stack_size)
 *fill*         0x0000000020004800      0x800 
                0x0000000020005000                PROVIDE (_eusrstack = .)
OUTPUT(SD_Card_Reader_USBMS.elf elf32-littleriscv)

.debug_info     0x0000000000000000    0x1a651
 .debug_info    0x0000000000000000     0x1ad2 ./User/USBLIB/USB-Driver/src/usb_core.o
 .debug_info    0x0000000000001ad2      0xde5 ./User/USBLIB/USB-Driver/src/usb_init.o
 .debug_info    0x00000000000028b7      0xef1 ./User/USBLIB/USB-Driver/src/usb_int.o
 .debug_info    0x00000000000037a8      0xe81 ./User/USBLIB/USB-Driver/src/usb_mem.o
 .debug_info    0x0000000000004629     0x19df ./User/USBLIB/USB-Driver/src/usb_regs.o
 .debug_info    0x0000000000006008      0xeeb ./User/USBLIB/USB-Driver/src/usb_sil.o
 .debug_info    0x0000000000006ef3     0x1452 ./User/USBLIB/CONFIG/hw_config.o
 .debug_info    0x0000000000008345      0xe88 ./User/USBLIB/CONFIG/usb_desc.o
 .debug_info    0x00000000000091cd     0x120d ./User/USBLIB/CONFIG/usb_endp.o
 .debug_info    0x000000000000a3da      0xf3b ./User/USBLIB/CONFIG/usb_istr.o
 .debug_info    0x000000000000b315     0x14c5 ./User/USBLIB/CONFIG/usb_prop.o
 .debug_info    0x000000000000c7da      0xfe1 ./User/USBLIB/CONFIG/usb_pwr.o
 .debug_info    0x000000000000d7bb     0x1906 ./User/SPI_SD.o
 .debug_info    0x000000000000f0c1     0x1730 ./User/SW_UDISK.o
 .debug_info    0x00000000000107f1      0xbc0 ./User/ch32v20x_it.o
 .debug_info    0x00000000000113b1     0x11d5 ./User/main.o
 .debug_info    0x0000000000012586      0xb3b ./User/system_ch32v20x.o
 .debug_info    0x00000000000130c1       0x22 ./Startup/startup_ch32v20x_D6.o
 .debug_info    0x00000000000130e3      0xc0d ./Peripheral/src/ch32v20x_exti.o
 .debug_info    0x0000000000013cf0     0x1354 ./Peripheral/src/ch32v20x_gpio.o
 .debug_info    0x0000000000015044      0xe6c ./Peripheral/src/ch32v20x_misc.o
 .debug_info    0x0000000000015eb0     0x1273 ./Peripheral/src/ch32v20x_rcc.o
 .debug_info    0x0000000000017123     0x12c1 ./Peripheral/src/ch32v20x_spi.o
 .debug_info    0x00000000000183e4     0x1340 ./Peripheral/src/ch32v20x_usart.o
 .debug_info    0x0000000000019724      0xf2d ./Debug/debug.o

.debug_abbrev   0x0000000000000000     0x4956
 .debug_abbrev  0x0000000000000000      0x569 ./User/USBLIB/USB-Driver/src/usb_core.o
 .debug_abbrev  0x0000000000000569      0x223 ./User/USBLIB/USB-Driver/src/usb_init.o
 .debug_abbrev  0x000000000000078c      0x279 ./User/USBLIB/USB-Driver/src/usb_int.o
 .debug_abbrev  0x0000000000000a05      0x25a ./User/USBLIB/USB-Driver/src/usb_mem.o
 .debug_abbrev  0x0000000000000c5f      0x3b2 ./User/USBLIB/USB-Driver/src/usb_regs.o
 .debug_abbrev  0x0000000000001011      0x2a0 ./User/USBLIB/USB-Driver/src/usb_sil.o
 .debug_abbrev  0x00000000000012b1      0x2be ./User/USBLIB/CONFIG/hw_config.o
 .debug_abbrev  0x000000000000156f      0x205 ./User/USBLIB/CONFIG/usb_desc.o
 .debug_abbrev  0x0000000000001774      0x2bd ./User/USBLIB/CONFIG/usb_endp.o
 .debug_abbrev  0x0000000000001a31      0x2af ./User/USBLIB/CONFIG/usb_istr.o
 .debug_abbrev  0x0000000000001ce0      0x3ae ./User/USBLIB/CONFIG/usb_prop.o
 .debug_abbrev  0x000000000000208e      0x2fa ./User/USBLIB/CONFIG/usb_pwr.o
 .debug_abbrev  0x0000000000002388      0x4b2 ./User/SPI_SD.o
 .debug_abbrev  0x000000000000283a      0x421 ./User/SW_UDISK.o
 .debug_abbrev  0x0000000000002c5b      0x22c ./User/ch32v20x_it.o
 .debug_abbrev  0x0000000000002e87      0x298 ./User/main.o
 .debug_abbrev  0x000000000000311f      0x2b0 ./User/system_ch32v20x.o
 .debug_abbrev  0x00000000000033cf       0x12 ./Startup/startup_ch32v20x_D6.o
 .debug_abbrev  0x00000000000033e1      0x2da ./Peripheral/src/ch32v20x_exti.o
 .debug_abbrev  0x00000000000036bb      0x34b ./Peripheral/src/ch32v20x_gpio.o
 .debug_abbrev  0x0000000000003a06      0x2ea ./Peripheral/src/ch32v20x_misc.o
 .debug_abbrev  0x0000000000003cf0      0x36b ./Peripheral/src/ch32v20x_rcc.o
 .debug_abbrev  0x000000000000405b      0x307 ./Peripheral/src/ch32v20x_spi.o
 .debug_abbrev  0x0000000000004362      0x312 ./Peripheral/src/ch32v20x_usart.o
 .debug_abbrev  0x0000000000004674      0x2e2 ./Debug/debug.o

.debug_loc      0x0000000000000000     0x4a1b
 .debug_loc     0x0000000000000000      0xa12 ./User/USBLIB/USB-Driver/src/usb_core.o
 .debug_loc     0x0000000000000a12       0xfa ./User/USBLIB/USB-Driver/src/usb_int.o
 .debug_loc     0x0000000000000b0c      0x1dc ./User/USBLIB/USB-Driver/src/usb_mem.o
 .debug_loc     0x0000000000000ce8      0xb6f ./User/USBLIB/USB-Driver/src/usb_regs.o
 .debug_loc     0x0000000000001857       0xc4 ./User/USBLIB/USB-Driver/src/usb_sil.o
 .debug_loc     0x000000000000191b       0x3c ./User/USBLIB/CONFIG/hw_config.o
 .debug_loc     0x0000000000001957       0x42 ./User/USBLIB/CONFIG/usb_istr.o
 .debug_loc     0x0000000000001999      0x14b ./User/USBLIB/CONFIG/usb_prop.o
 .debug_loc     0x0000000000001ae4      0x139 ./User/USBLIB/CONFIG/usb_pwr.o
 .debug_loc     0x0000000000001c1d      0x970 ./User/SPI_SD.o
 .debug_loc     0x000000000000258d      0x392 ./User/SW_UDISK.o
 .debug_loc     0x000000000000291f       0x5f ./User/main.o
 .debug_loc     0x000000000000297e       0xac ./User/system_ch32v20x.o
 .debug_loc     0x0000000000002a2a      0x181 ./Peripheral/src/ch32v20x_exti.o
 .debug_loc     0x0000000000002bab      0x8a1 ./Peripheral/src/ch32v20x_gpio.o
 .debug_loc     0x000000000000344c       0x2d ./Peripheral/src/ch32v20x_misc.o
 .debug_loc     0x0000000000003479      0x797 ./Peripheral/src/ch32v20x_rcc.o
 .debug_loc     0x0000000000003c10      0x57f ./Peripheral/src/ch32v20x_spi.o
 .debug_loc     0x000000000000418f      0x715 ./Peripheral/src/ch32v20x_usart.o
 .debug_loc     0x00000000000048a4      0x177 ./Debug/debug.o

.debug_aranges  0x0000000000000000      0xa20
 .debug_aranges
                0x0000000000000000       0x98 ./User/USBLIB/USB-Driver/src/usb_core.o
 .debug_aranges
                0x0000000000000098       0x20 ./User/USBLIB/USB-Driver/src/usb_init.o
 .debug_aranges
                0x00000000000000b8       0x28 ./User/USBLIB/USB-Driver/src/usb_int.o
 .debug_aranges
                0x00000000000000e0       0x28 ./User/USBLIB/USB-Driver/src/usb_mem.o
 .debug_aranges
                0x0000000000000108      0x1a0 ./User/USBLIB/USB-Driver/src/usb_regs.o
 .debug_aranges
                0x00000000000002a8       0x30 ./User/USBLIB/USB-Driver/src/usb_sil.o
 .debug_aranges
                0x00000000000002d8       0x50 ./User/USBLIB/CONFIG/hw_config.o
 .debug_aranges
                0x0000000000000328       0x18 ./User/USBLIB/CONFIG/usb_desc.o
 .debug_aranges
                0x0000000000000340       0x28 ./User/USBLIB/CONFIG/usb_endp.o
 .debug_aranges
                0x0000000000000368       0x20 ./User/USBLIB/CONFIG/usb_istr.o
 .debug_aranges
                0x0000000000000388       0x78 ./User/USBLIB/CONFIG/usb_prop.o
 .debug_aranges
                0x0000000000000400       0x40 ./User/USBLIB/CONFIG/usb_pwr.o
 .debug_aranges
                0x0000000000000440       0x70 ./User/SPI_SD.o
 .debug_aranges
                0x00000000000004b0       0x68 ./User/SW_UDISK.o
 .debug_aranges
                0x0000000000000518       0x28 ./User/ch32v20x_it.o
 .debug_aranges
                0x0000000000000540       0x20 ./User/main.o
 .debug_aranges
                0x0000000000000560       0x28 ./User/system_ch32v20x.o
 .debug_aranges
                0x0000000000000588       0x30 ./Startup/startup_ch32v20x_D6.o
 .debug_aranges
                0x00000000000005b8       0x50 ./Peripheral/src/ch32v20x_exti.o
 .debug_aranges
                0x0000000000000608       0xb0 ./Peripheral/src/ch32v20x_gpio.o
 .debug_aranges
                0x00000000000006b8       0x28 ./Peripheral/src/ch32v20x_misc.o
 .debug_aranges
                0x00000000000006e0      0x130 ./Peripheral/src/ch32v20x_rcc.o
 .debug_aranges
                0x0000000000000810       0xd0 ./Peripheral/src/ch32v20x_spi.o
 .debug_aranges
                0x00000000000008e0       0xf0 ./Peripheral/src/ch32v20x_usart.o
 .debug_aranges
                0x00000000000009d0       0x50 ./Debug/debug.o

.debug_ranges   0x0000000000000000      0xd18
 .debug_ranges  0x0000000000000000      0x160 ./User/USBLIB/USB-Driver/src/usb_core.o
 .debug_ranges  0x0000000000000160       0x10 ./User/USBLIB/USB-Driver/src/usb_init.o
 .debug_ranges  0x0000000000000170       0x60 ./User/USBLIB/USB-Driver/src/usb_int.o
 .debug_ranges  0x00000000000001d0       0x18 ./User/USBLIB/USB-Driver/src/usb_mem.o
 .debug_ranges  0x00000000000001e8      0x338 ./User/USBLIB/USB-Driver/src/usb_regs.o
 .debug_ranges  0x0000000000000520       0x20 ./User/USBLIB/USB-Driver/src/usb_sil.o
 .debug_ranges  0x0000000000000540       0x40 ./User/USBLIB/CONFIG/hw_config.o
 .debug_ranges  0x0000000000000580       0x18 ./User/USBLIB/CONFIG/usb_endp.o
 .debug_ranges  0x0000000000000598       0x10 ./User/USBLIB/CONFIG/usb_istr.o
 .debug_ranges  0x00000000000005a8       0x68 ./User/USBLIB/CONFIG/usb_prop.o
 .debug_ranges  0x0000000000000610       0x30 ./User/USBLIB/CONFIG/usb_pwr.o
 .debug_ranges  0x0000000000000640      0x180 ./User/SPI_SD.o
 .debug_ranges  0x00000000000007c0       0xc8 ./User/SW_UDISK.o
 .debug_ranges  0x0000000000000888       0x18 ./User/ch32v20x_it.o
 .debug_ranges  0x00000000000008a0       0x10 ./User/main.o
 .debug_ranges  0x00000000000008b0       0x18 ./User/system_ch32v20x.o
 .debug_ranges  0x00000000000008c8       0x28 ./Startup/startup_ch32v20x_D6.o
 .debug_ranges  0x00000000000008f0       0x40 ./Peripheral/src/ch32v20x_exti.o
 .debug_ranges  0x0000000000000930       0xa0 ./Peripheral/src/ch32v20x_gpio.o
 .debug_ranges  0x00000000000009d0       0x48 ./Peripheral/src/ch32v20x_misc.o
 .debug_ranges  0x0000000000000a18      0x120 ./Peripheral/src/ch32v20x_rcc.o
 .debug_ranges  0x0000000000000b38       0xc0 ./Peripheral/src/ch32v20x_spi.o
 .debug_ranges  0x0000000000000bf8       0xe0 ./Peripheral/src/ch32v20x_usart.o
 .debug_ranges  0x0000000000000cd8       0x40 ./Debug/debug.o

.debug_line     0x0000000000000000     0xff46
 .debug_line    0x0000000000000000     0x1bea ./User/USBLIB/USB-Driver/src/usb_core.o
 .debug_line    0x0000000000001bea      0x386 ./User/USBLIB/USB-Driver/src/usb_init.o
 .debug_line    0x0000000000001f70      0x9cf ./User/USBLIB/USB-Driver/src/usb_int.o
 .debug_line    0x000000000000293f      0x4ac ./User/USBLIB/USB-Driver/src/usb_mem.o
 .debug_line    0x0000000000002deb     0x1221 ./User/USBLIB/USB-Driver/src/usb_regs.o
 .debug_line    0x000000000000400c      0x41c ./User/USBLIB/USB-Driver/src/usb_sil.o
 .debug_line    0x0000000000004428      0x81a ./User/USBLIB/CONFIG/hw_config.o
 .debug_line    0x0000000000004c42      0x321 ./User/USBLIB/CONFIG/usb_desc.o
 .debug_line    0x0000000000004f63      0x45c ./User/USBLIB/CONFIG/usb_endp.o
 .debug_line    0x00000000000053bf      0x721 ./User/USBLIB/CONFIG/usb_istr.o
 .debug_line    0x0000000000005ae0      0x932 ./User/USBLIB/CONFIG/usb_prop.o
 .debug_line    0x0000000000006412      0x88c ./User/USBLIB/CONFIG/usb_pwr.o
 .debug_line    0x0000000000006c9e     0x11f7 ./User/SPI_SD.o
 .debug_line    0x0000000000007e95     0x16fc ./User/SW_UDISK.o
 .debug_line    0x0000000000009591      0x346 ./User/ch32v20x_it.o
 .debug_line    0x00000000000098d7      0x617 ./User/main.o
 .debug_line    0x0000000000009eee      0x661 ./User/system_ch32v20x.o
 .debug_line    0x000000000000a54f      0x121 ./Startup/startup_ch32v20x_D6.o
 .debug_line    0x000000000000a670      0x685 ./Peripheral/src/ch32v20x_exti.o
 .debug_line    0x000000000000acf5     0x16ba ./Peripheral/src/ch32v20x_gpio.o
 .debug_line    0x000000000000c3af      0x48c ./Peripheral/src/ch32v20x_misc.o
 .debug_line    0x000000000000c83b     0x1242 ./Peripheral/src/ch32v20x_rcc.o
 .debug_line    0x000000000000da7d      0xdb6 ./Peripheral/src/ch32v20x_spi.o
 .debug_line    0x000000000000e833      0xf25 ./Peripheral/src/ch32v20x_usart.o
 .debug_line    0x000000000000f758      0x7ee ./Debug/debug.o

.debug_str      0x0000000000000000     0x34c6
 .debug_str     0x0000000000000000      0xff2 ./User/USBLIB/USB-Driver/src/usb_core.o
                                       0x11da (size before relaxing)
 .debug_str     0x0000000000000ff2       0x32 ./User/USBLIB/USB-Driver/src/usb_init.o
                                        0x9fa (size before relaxing)
 .debug_str     0x0000000000001024       0x68 ./User/USBLIB/USB-Driver/src/usb_int.o
                                        0xa58 (size before relaxing)
 .debug_str     0x000000000000108c       0x58 ./User/USBLIB/USB-Driver/src/usb_mem.o
                                        0xa48 (size before relaxing)
 .debug_str     0x00000000000010e4      0x389 ./User/USBLIB/USB-Driver/src/usb_regs.o
                                        0xdd0 (size before relaxing)
 .debug_str     0x000000000000146d       0x7e ./User/USBLIB/USB-Driver/src/usb_sil.o
                                        0xaa0 (size before relaxing)
 .debug_str     0x00000000000014eb      0x75a ./User/USBLIB/CONFIG/hw_config.o
                                       0x113c (size before relaxing)
 .debug_str     0x0000000000001c45       0x21 ./User/USBLIB/CONFIG/usb_desc.o
                                        0xa5e (size before relaxing)
 .debug_str     0x0000000000001c66       0x86 ./User/USBLIB/CONFIG/usb_endp.o
                                        0xd4a (size before relaxing)
 .debug_str     0x0000000000001cec       0xc4 ./User/USBLIB/CONFIG/usb_istr.o
                                        0xade (size before relaxing)
 .debug_str     0x0000000000001db0      0x1a5 ./User/USBLIB/CONFIG/usb_prop.o
                                        0xdfe (size before relaxing)
 .debug_str     0x0000000000001f55       0x63 ./User/USBLIB/CONFIG/usb_pwr.o
                                        0xb76 (size before relaxing)
 .debug_str     0x0000000000001fb8      0x3f9 ./User/SPI_SD.o
                                        0xa51 (size before relaxing)
 .debug_str     0x00000000000023b1       0xd7 ./User/SW_UDISK.o
                                        0xd64 (size before relaxing)
 .debug_str     0x0000000000002488       0x9c ./User/ch32v20x_it.o
                                        0x69e (size before relaxing)
 .debug_str     0x0000000000002524       0x84 ./User/main.o
                                        0xcfb (size before relaxing)
 .debug_str     0x00000000000025a8       0xc4 ./User/system_ch32v20x.o
                                        0x6b8 (size before relaxing)
 .debug_str     0x000000000000266c       0x2d ./Startup/startup_ch32v20x_D6.o
                                         0x72 (size before relaxing)
 .debug_str     0x0000000000002699       0xe4 ./Peripheral/src/ch32v20x_exti.o
                                        0x7a6 (size before relaxing)
 .debug_str     0x000000000000277d      0x270 ./Peripheral/src/ch32v20x_gpio.o
                                        0x9d5 (size before relaxing)
 .debug_str     0x00000000000029ed       0x9c ./Peripheral/src/ch32v20x_misc.o
                                        0xa97 (size before relaxing)
 .debug_str     0x0000000000002a89      0x353 ./Peripheral/src/ch32v20x_rcc.o
                                        0xae7 (size before relaxing)
 .debug_str     0x0000000000002ddc      0x28e ./Peripheral/src/ch32v20x_spi.o
                                        0xaa8 (size before relaxing)
 .debug_str     0x000000000000306a      0x3cb ./Peripheral/src/ch32v20x_usart.o
                                        0xb03 (size before relaxing)
 .debug_str     0x0000000000003435       0x91 ./Debug/debug.o
                                        0x92a (size before relaxing)

.comment        0x0000000000000000       0x33
 .comment       0x0000000000000000       0x33 ./User/USBLIB/USB-Driver/src/usb_core.o
                                         0x34 (size before relaxing)
 .comment       0x0000000000000033       0x34 ./User/USBLIB/USB-Driver/src/usb_init.o
 .comment       0x0000000000000033       0x34 ./User/USBLIB/USB-Driver/src/usb_int.o
 .comment       0x0000000000000033       0x34 ./User/USBLIB/USB-Driver/src/usb_mem.o
 .comment       0x0000000000000033       0x34 ./User/USBLIB/USB-Driver/src/usb_regs.o
 .comment       0x0000000000000033       0x34 ./User/USBLIB/USB-Driver/src/usb_sil.o
 .comment       0x0000000000000033       0x34 ./User/USBLIB/CONFIG/hw_config.o
 .comment       0x0000000000000033       0x34 ./User/USBLIB/CONFIG/usb_desc.o
 .comment       0x0000000000000033       0x34 ./User/USBLIB/CONFIG/usb_endp.o
 .comment       0x0000000000000033       0x34 ./User/USBLIB/CONFIG/usb_istr.o
 .comment       0x0000000000000033       0x34 ./User/USBLIB/CONFIG/usb_prop.o
 .comment       0x0000000000000033       0x34 ./User/USBLIB/CONFIG/usb_pwr.o
 .comment       0x0000000000000033       0x34 ./User/SPI_SD.o
 .comment       0x0000000000000033       0x34 ./User/SW_UDISK.o
 .comment       0x0000000000000033       0x34 ./User/ch32v20x_it.o
 .comment       0x0000000000000033       0x34 ./User/main.o
 .comment       0x0000000000000033       0x34 ./User/system_ch32v20x.o
 .comment       0x0000000000000033       0x34 ./Peripheral/src/ch32v20x_exti.o
 .comment       0x0000000000000033       0x34 ./Peripheral/src/ch32v20x_gpio.o
 .comment       0x0000000000000033       0x34 ./Peripheral/src/ch32v20x_misc.o
 .comment       0x0000000000000033       0x34 ./Peripheral/src/ch32v20x_rcc.o
 .comment       0x0000000000000033       0x34 ./Peripheral/src/ch32v20x_spi.o
 .comment       0x0000000000000033       0x34 ./Peripheral/src/ch32v20x_usart.o
 .comment       0x0000000000000033       0x34 ./Debug/debug.o

.debug_frame    0x0000000000000000     0x1ff0
 .debug_frame   0x0000000000000000      0x210 ./User/USBLIB/USB-Driver/src/usb_core.o
 .debug_frame   0x0000000000000210       0x2c ./User/USBLIB/USB-Driver/src/usb_init.o
 .debug_frame   0x000000000000023c       0x78 ./User/USBLIB/USB-Driver/src/usb_int.o
 .debug_frame   0x00000000000002b4       0x30 ./User/USBLIB/USB-Driver/src/usb_mem.o
 .debug_frame   0x00000000000002e4      0x438 ./User/USBLIB/USB-Driver/src/usb_regs.o
 .debug_frame   0x000000000000071c       0x68 ./User/USBLIB/USB-Driver/src/usb_sil.o
 .debug_frame   0x0000000000000784       0xd0 ./User/USBLIB/CONFIG/hw_config.o
 .debug_frame   0x0000000000000854       0x48 ./User/USBLIB/CONFIG/usb_endp.o
 .debug_frame   0x000000000000089c       0x3c ./User/USBLIB/CONFIG/usb_istr.o
 .debug_frame   0x00000000000008d8      0x13c ./User/USBLIB/CONFIG/usb_prop.o
 .debug_frame   0x0000000000000a14       0x88 ./User/USBLIB/CONFIG/usb_pwr.o
 .debug_frame   0x0000000000000a9c      0x198 ./User/SPI_SD.o
 .debug_frame   0x0000000000000c34      0x138 ./User/SW_UDISK.o
 .debug_frame   0x0000000000000d6c       0x30 ./User/ch32v20x_it.o
 .debug_frame   0x0000000000000d9c       0x28 ./User/main.o
 .debug_frame   0x0000000000000dc4       0x30 ./User/system_ch32v20x.o
 .debug_frame   0x0000000000000df4       0x90 ./Peripheral/src/ch32v20x_exti.o
 .debug_frame   0x0000000000000e84      0x170 ./Peripheral/src/ch32v20x_gpio.o
 .debug_frame   0x0000000000000ff4       0x30 ./Peripheral/src/ch32v20x_misc.o
 .debug_frame   0x0000000000001024      0x254 ./Peripheral/src/ch32v20x_rcc.o
 .debug_frame   0x0000000000001278      0x1a8 ./Peripheral/src/ch32v20x_spi.o
 .debug_frame   0x0000000000001420      0x1e4 ./Peripheral/src/ch32v20x_usart.o
 .debug_frame   0x0000000000001604       0xb8 ./Debug/debug.o
 .debug_frame   0x00000000000016bc       0x20 c:/mounriver/mounriver_studio2/resources/app/resources/win32/components/wch/toolchain/risc-v embedded gcc/bin/../lib/gcc/riscv-none-embed/8.2.0/../../../../riscv-none-embed/lib/rv32imacxw/ilp32\libg_nano.a(lib_a-memcpy.o)
 .debug_frame   0x00000000000016dc       0x54 c:/mounriver/mounriver_studio2/resources/app/resources/win32/components/wch/toolchain/risc-v embedded gcc/bin/../lib/gcc/riscv-none-embed/8.2.0/../../../../riscv-none-embed/lib/rv32imacxw/ilp32\libg_nano.a(lib_a-printf.o)
 .debug_frame   0x0000000000001730       0x54 c:/mounriver/mounriver_studio2/resources/app/resources/win32/components/wch/toolchain/risc-v embedded gcc/bin/../lib/gcc/riscv-none-embed/8.2.0/../../../../riscv-none-embed/lib/rv32imacxw/ilp32\libg_nano.a(lib_a-puts.o)
 .debug_frame   0x0000000000001784       0x50 c:/mounriver/mounriver_studio2/resources/app/resources/win32/components/wch/toolchain/risc-v embedded gcc/bin/../lib/gcc/riscv-none-embed/8.2.0/../../../../riscv-none-embed/lib/rv32imacxw/ilp32\libg_nano.a(lib_a-wbuf.o)
 .debug_frame   0x00000000000017d4       0x3c c:/mounriver/mounriver_studio2/resources/app/resources/win32/components/wch/toolchain/risc-v embedded gcc/bin/../lib/gcc/riscv-none-embed/8.2.0/../../../../riscv-none-embed/lib/rv32imacxw/ilp32\libg_nano.a(lib_a-wsetup.o)
 .debug_frame   0x0000000000001810       0x7c c:/mounriver/mounriver_studio2/resources/app/resources/win32/components/wch/toolchain/risc-v embedded gcc/bin/../lib/gcc/riscv-none-embed/8.2.0/../../../../riscv-none-embed/lib/rv32imacxw/ilp32\libg_nano.a(lib_a-fflush.o)
 .debug_frame   0x000000000000188c      0x148 c:/mounriver/mounriver_studio2/resources/app/resources/win32/components/wch/toolchain/risc-v embedded gcc/bin/../lib/gcc/riscv-none-embed/8.2.0/../../../../riscv-none-embed/lib/rv32imacxw/ilp32\libg_nano.a(lib_a-findfp.o)
 .debug_frame   0x00000000000019d4       0x88 c:/mounriver/mounriver_studio2/resources/app/resources/win32/components/wch/toolchain/risc-v embedded gcc/bin/../lib/gcc/riscv-none-embed/8.2.0/../../../../riscv-none-embed/lib/rv32imacxw/ilp32\libg_nano.a(lib_a-fwalk.o)
 .debug_frame   0x0000000000001a5c       0x64 c:/mounriver/mounriver_studio2/resources/app/resources/win32/components/wch/toolchain/risc-v embedded gcc/bin/../lib/gcc/riscv-none-embed/8.2.0/../../../../riscv-none-embed/lib/rv32imacxw/ilp32\libg_nano.a(lib_a-makebuf.o)
 .debug_frame   0x0000000000001ac0       0x40 c:/mounriver/mounriver_studio2/resources/app/resources/win32/components/wch/toolchain/risc-v embedded gcc/bin/../lib/gcc/riscv-none-embed/8.2.0/../../../../riscv-none-embed/lib/rv32imacxw/ilp32\libg_nano.a(lib_a-nano-freer.o)
 .debug_frame   0x0000000000001b00       0x40 c:/mounriver/mounriver_studio2/resources/app/resources/win32/components/wch/toolchain/risc-v embedded gcc/bin/../lib/gcc/riscv-none-embed/8.2.0/../../../../riscv-none-embed/lib/rv32imacxw/ilp32\libg_nano.a(lib_a-nano-mallocr.o)
 .debug_frame   0x0000000000001b40       0xd0 c:/mounriver/mounriver_studio2/resources/app/resources/win32/components/wch/toolchain/risc-v embedded gcc/bin/../lib/gcc/riscv-none-embed/8.2.0/../../../../riscv-none-embed/lib/rv32imacxw/ilp32\libg_nano.a(lib_a-nano-vfprintf.o)
 .debug_frame   0x0000000000001c10       0x8c c:/mounriver/mounriver_studio2/resources/app/resources/win32/components/wch/toolchain/risc-v embedded gcc/bin/../lib/gcc/riscv-none-embed/8.2.0/../../../../riscv-none-embed/lib/rv32imacxw/ilp32\libg_nano.a(lib_a-nano-vfprintf_i.o)
 .debug_frame   0x0000000000001c9c       0x30 c:/mounriver/mounriver_studio2/resources/app/resources/win32/components/wch/toolchain/risc-v embedded gcc/bin/../lib/gcc/riscv-none-embed/8.2.0/../../../../riscv-none-embed/lib/rv32imacxw/ilp32\libg_nano.a(lib_a-sbrkr.o)
 .debug_frame   0x0000000000001ccc       0xa4 c:/mounriver/mounriver_studio2/resources/app/resources/win32/components/wch/toolchain/risc-v embedded gcc/bin/../lib/gcc/riscv-none-embed/8.2.0/../../../../riscv-none-embed/lib/rv32imacxw/ilp32\libg_nano.a(lib_a-stdio.o)
 .debug_frame   0x0000000000001d70       0x30 c:/mounriver/mounriver_studio2/resources/app/resources/win32/components/wch/toolchain/risc-v embedded gcc/bin/../lib/gcc/riscv-none-embed/8.2.0/../../../../riscv-none-embed/lib/rv32imacxw/ilp32\libg_nano.a(lib_a-writer.o)
 .debug_frame   0x0000000000001da0       0x30 c:/mounriver/mounriver_studio2/resources/app/resources/win32/components/wch/toolchain/risc-v embedded gcc/bin/../lib/gcc/riscv-none-embed/8.2.0/../../../../riscv-none-embed/lib/rv32imacxw/ilp32\libg_nano.a(lib_a-closer.o)
 .debug_frame   0x0000000000001dd0       0x30 c:/mounriver/mounriver_studio2/resources/app/resources/win32/components/wch/toolchain/risc-v embedded gcc/bin/../lib/gcc/riscv-none-embed/8.2.0/../../../../riscv-none-embed/lib/rv32imacxw/ilp32\libg_nano.a(lib_a-fstatr.o)
 .debug_frame   0x0000000000001e00       0x30 c:/mounriver/mounriver_studio2/resources/app/resources/win32/components/wch/toolchain/risc-v embedded gcc/bin/../lib/gcc/riscv-none-embed/8.2.0/../../../../riscv-none-embed/lib/rv32imacxw/ilp32\libg_nano.a(lib_a-isattyr.o)
 .debug_frame   0x0000000000001e30       0x30 c:/mounriver/mounriver_studio2/resources/app/resources/win32/components/wch/toolchain/risc-v embedded gcc/bin/../lib/gcc/riscv-none-embed/8.2.0/../../../../riscv-none-embed/lib/rv32imacxw/ilp32\libg_nano.a(lib_a-lseekr.o)
 .debug_frame   0x0000000000001e60       0x20 c:/mounriver/mounriver_studio2/resources/app/resources/win32/components/wch/toolchain/risc-v embedded gcc/bin/../lib/gcc/riscv-none-embed/8.2.0/../../../../riscv-none-embed/lib/rv32imacxw/ilp32\libg_nano.a(lib_a-memchr.o)
 .debug_frame   0x0000000000001e80       0x30 c:/mounriver/mounriver_studio2/resources/app/resources/win32/components/wch/toolchain/risc-v embedded gcc/bin/../lib/gcc/riscv-none-embed/8.2.0/../../../../riscv-none-embed/lib/rv32imacxw/ilp32\libg_nano.a(lib_a-mlock.o)
 .debug_frame   0x0000000000001eb0       0x30 c:/mounriver/mounriver_studio2/resources/app/resources/win32/components/wch/toolchain/risc-v embedded gcc/bin/../lib/gcc/riscv-none-embed/8.2.0/../../../../riscv-none-embed/lib/rv32imacxw/ilp32\libg_nano.a(lib_a-readr.o)
 .debug_frame   0x0000000000001ee0       0x70 c:/mounriver/mounriver_studio2/resources/app/resources/win32/components/wch/toolchain/risc-v embedded gcc/bin/../lib/gcc/riscv-none-embed/8.2.0/../../../../riscv-none-embed/lib/rv32imacxw/ilp32\libg_nano.a(lib_a-reent.o)
 .debug_frame   0x0000000000001f50       0x20 c:/mounriver/mounriver_studio2/resources/app/resources/win32/components/wch/toolchain/risc-v embedded gcc/bin/../lib/gcc/riscv-none-embed/8.2.0/../../../../riscv-none-embed/lib/rv32imacxw/ilp32\libnosys.a(close.o)
 .debug_frame   0x0000000000001f70       0x20 c:/mounriver/mounriver_studio2/resources/app/resources/win32/components/wch/toolchain/risc-v embedded gcc/bin/../lib/gcc/riscv-none-embed/8.2.0/../../../../riscv-none-embed/lib/rv32imacxw/ilp32\libnosys.a(fstat.o)
 .debug_frame   0x0000000000001f90       0x20 c:/mounriver/mounriver_studio2/resources/app/resources/win32/components/wch/toolchain/risc-v embedded gcc/bin/../lib/gcc/riscv-none-embed/8.2.0/../../../../riscv-none-embed/lib/rv32imacxw/ilp32\libnosys.a(isatty.o)
 .debug_frame   0x0000000000001fb0       0x20 c:/mounriver/mounriver_studio2/resources/app/resources/win32/components/wch/toolchain/risc-v embedded gcc/bin/../lib/gcc/riscv-none-embed/8.2.0/../../../../riscv-none-embed/lib/rv32imacxw/ilp32\libnosys.a(lseek.o)
 .debug_frame   0x0000000000001fd0       0x20 c:/mounriver/mounriver_studio2/resources/app/resources/win32/components/wch/toolchain/risc-v embedded gcc/bin/../lib/gcc/riscv-none-embed/8.2.0/../../../../riscv-none-embed/lib/rv32imacxw/ilp32\libnosys.a(read.o)

.stab           0x0000000000000000       0x84
 .stab          0x0000000000000000       0x24 c:/mounriver/mounriver_studio2/resources/app/resources/win32/components/wch/toolchain/risc-v embedded gcc/bin/../lib/gcc/riscv-none-embed/8.2.0/../../../../riscv-none-embed/lib/rv32imacxw/ilp32\libnosys.a(close.o)
 .stab          0x0000000000000024       0x18 c:/mounriver/mounriver_studio2/resources/app/resources/win32/components/wch/toolchain/risc-v embedded gcc/bin/../lib/gcc/riscv-none-embed/8.2.0/../../../../riscv-none-embed/lib/rv32imacxw/ilp32\libnosys.a(fstat.o)
                                         0x24 (size before relaxing)
 .stab          0x000000000000003c       0x18 c:/mounriver/mounriver_studio2/resources/app/resources/win32/components/wch/toolchain/risc-v embedded gcc/bin/../lib/gcc/riscv-none-embed/8.2.0/../../../../riscv-none-embed/lib/rv32imacxw/ilp32\libnosys.a(isatty.o)
                                         0x24 (size before relaxing)
 .stab          0x0000000000000054       0x18 c:/mounriver/mounriver_studio2/resources/app/resources/win32/components/wch/toolchain/risc-v embedded gcc/bin/../lib/gcc/riscv-none-embed/8.2.0/../../../../riscv-none-embed/lib/rv32imacxw/ilp32\libnosys.a(lseek.o)
                                         0x24 (size before relaxing)
 .stab          0x000000000000006c       0x18 c:/mounriver/mounriver_studio2/resources/app/resources/win32/components/wch/toolchain/risc-v embedded gcc/bin/../lib/gcc/riscv-none-embed/8.2.0/../../../../riscv-none-embed/lib/rv32imacxw/ilp32\libnosys.a(read.o)
                                         0x24 (size before relaxing)

.stabstr        0x0000000000000000      0x117
 .stabstr       0x0000000000000000      0x117 c:/mounriver/mounriver_studio2/resources/app/resources/win32/components/wch/toolchain/risc-v embedded gcc/bin/../lib/gcc/riscv-none-embed/8.2.0/../../../../riscv-none-embed/lib/rv32imacxw/ilp32\libnosys.a(close.o)